$ date -R
Wed, 29 Aug 2018 08:04:37 +1000
$ git checkout master
Already on 'master'
$ git reset --hard stable
HEAD is now at 050cdc6c9501 Merge git://git.kernel.org/pub/scm/linux/kernel/git/davem/net
Merging origin/master (050cdc6c9501 Merge git://git.kernel.org/pub/scm/linux/kernel/git/davem/net)
$ git merge origin/master
Already up to date.
Merging fixes/master (147a89bc71e7 Merge tag 'kconfig-v4.17' of git://git.kernel.org/pub/scm/linux/kernel/git/masahiroy/linux-kbuild)
$ git merge fixes/master
Already up to date.
Merging kbuild-current/fixes (ad1d69735878 Merge tag 'fuse-update-4.19' of git://git.kernel.org/pub/scm/linux/kernel/git/mszeredi/fuse)
$ git merge kbuild-current/fixes
Already up to date.
Merging arc-current/for-curr (fce0d0affdc5 ARC: cleanup show_faulting_vma())
$ git merge arc-current/for-curr
Merge made by the 'recursive' strategy.
 arch/arc/boot/dts/axs10x_mb.dtsi           |  7 ++++++-
 arch/arc/boot/dts/hsdk.dts                 |  7 ++++++-
 arch/arc/configs/axs101_defconfig          |  3 ---
 arch/arc/configs/axs103_defconfig          |  3 ---
 arch/arc/configs/axs103_smp_defconfig      |  3 ---
 arch/arc/configs/haps_hs_defconfig         |  2 --
 arch/arc/configs/haps_hs_smp_defconfig     |  2 --
 arch/arc/configs/hsdk_defconfig            |  1 -
 arch/arc/configs/nps_defconfig             |  1 -
 arch/arc/configs/nsim_700_defconfig        |  2 --
 arch/arc/configs/nsim_hs_defconfig         |  2 --
 arch/arc/configs/nsim_hs_smp_defconfig     |  2 --
 arch/arc/configs/nsimosci_defconfig        |  2 --
 arch/arc/configs/nsimosci_hs_defconfig     |  2 --
 arch/arc/configs/nsimosci_hs_smp_defconfig |  2 --
 arch/arc/configs/tb10x_defconfig           |  1 -
 arch/arc/configs/vdk_hs38_defconfig        |  2 --
 arch/arc/configs/vdk_hs38_smp_defconfig    |  1 -
 arch/arc/kernel/troubleshoot.c             | 13 ++++---------
 19 files changed, 16 insertions(+), 42 deletions(-)
Merging arm-current/fixes (afc9f65e01cd ARM: 8781/1: Fix Thumb-2 syscall return for binutils 2.29+)
$ git merge arm-current/fixes
Already up to date.
Merging arm64-fixes/for-next/fixes (5ad356eabc47 arm64: mm: check for upper PAGE_SHIFT bits in pfn_valid())
$ git merge arm64-fixes/for-next/fixes
Already up to date.
Merging m68k-current/for-linus (71a896687b85 m68k/defconfig: Update defconfigs for v4.18-rc6)
$ git merge m68k-current/for-linus
Already up to date.
Merging powerpc-fixes/fixes (cca19f0b684f powerpc/64s/radix: Fix missing global invalidations when removing copro)
$ git merge powerpc-fixes/fixes
Already up to date.
Merging sparc/master (df2def49c57b Merge tag 'acpi-4.19-rc1-2' of git://git.kernel.org/pub/scm/linux/kernel/git/rafael/linux-pm)
$ git merge sparc/master
Already up to date.
Merging fscrypt-current/for-stable (ae64f9bd1d36 Linux 4.15-rc2)
$ git merge fscrypt-current/for-stable
Already up to date.
Merging net/master (53ae914d898e net/rds: Use rdma_read_gids to get connection SGID/DGID in IPv6)
$ git merge net/master
Merge made by the 'recursive' strategy.
 net/dsa/dsa.c         |  2 --
 net/ipv4/ip_gre.c     |  3 +++
 net/ipv6/ip6_gre.c    |  1 +
 net/rds/ib.c          |  9 ++-------
 net/sched/cls_api.c   |  4 ++--
 net/sctp/proc.c       |  8 --------
 net/sctp/socket.c     | 22 +++++++++++++++-------
 net/tipc/name_table.c | 10 ++++------
 net/tipc/name_table.h |  9 ++-------
 9 files changed, 29 insertions(+), 39 deletions(-)
Merging bpf/master (501ca81760c2 bpf: sockmap, decrement copied count correctly in redirect error case)
$ git merge bpf/master
Merge made by the 'recursive' strategy.
 kernel/bpf/sockmap.c | 52 +++++++++++++++++++++++++---------------------------
 net/core/filter.c    |  2 +-
 2 files changed, 26 insertions(+), 28 deletions(-)
Merging ipsec/master (25432eba9cd8 openvswitch: meter: Fix setting meter id for new entries)
$ git merge ipsec/master
Already up to date.
Merging netfilter/master (10568f6c5761 netfilter: xt_checksum: ignore gso skbs)
$ git merge netfilter/master
Merge made by the 'recursive' strategy.
 net/netfilter/Kconfig                  | 12 ++++++------
 net/netfilter/nf_conntrack_proto_udp.c |  1 -
 net/netfilter/xt_CHECKSUM.c            | 22 +++++++++++++++++++++-
 net/netfilter/xt_cluster.c             | 14 +++++++++++++-
 4 files changed, 40 insertions(+), 9 deletions(-)
Merging ipvs/master (feb9f55c33e5 netfilter: nft_dynset: allow dynamic updates of non-anonymous set)
$ git merge ipvs/master
Already up to date.
Merging wireless-drivers/master (53ae914d898e net/rds: Use rdma_read_gids to get connection SGID/DGID in IPv6)
$ git merge wireless-drivers/master
Already up to date.
Merging mac80211/master (b88d26d97c41 nl80211: Pass center frequency in kHz instead of MHz)
$ git merge mac80211/master
Auto-merging net/wireless/nl80211.c
Auto-merging net/mac80211/util.c
Auto-merging net/mac80211/rx.c
Auto-merging net/mac80211/main.c
Auto-merging include/net/cfg80211.h
Auto-merging drivers/net/wireless/mac80211_hwsim.c
Auto-merging drivers/net/wireless/intel/iwlwifi/iwl-nvm-parse.c
Merge made by the 'recursive' strategy.
 drivers/net/wireless/intel/iwlwifi/iwl-nvm-parse.c | 50 ++----------
 drivers/net/wireless/mac80211_hwsim.c              | 12 ++-
 include/net/cfg80211.h                             |  4 +-
 include/net/regulatory.h                           |  4 +-
 net/mac80211/main.c                                |  7 +-
 net/mac80211/rx.c                                  |  1 +
 net/mac80211/util.c                                |  8 +-
 net/rfkill/rfkill-gpio.c                           |  1 +
 net/wireless/nl80211.c                             | 14 ++--
 net/wireless/reg.c                                 | 91 ++++------------------
 10 files changed, 46 insertions(+), 146 deletions(-)
Merging rdma-fixes/for-rc (5b394b2ddf03 Linux 4.19-rc1)
$ git merge rdma-fixes/for-rc
Already up to date.
Merging sound-current/for-linus (8a328ac1f9eb ALSA: hda/realtek - Fix HP Headset Mic can't record)
$ git merge sound-current/for-linus
Already up to date.
Merging sound-asoc-fixes/for-linus (cc276126e1bf Merge branch 'asoc-4.19' into asoc-linus)
$ git merge sound-asoc-fixes/for-linus
Merge made by the 'recursive' strategy.
 include/sound/soc-dapm.h                |   1 +
 include/uapi/sound/skl-tplg-interface.h | 106 ++++++++++++++++----------------
 sound/soc/codecs/max98373.c             |   3 +
 sound/soc/codecs/rt5514.c               |   8 +--
 sound/soc/codecs/rt5682.c               |   8 +--
 sound/soc/codecs/sigmadsp.c             |   3 +-
 sound/soc/codecs/wm8804-i2c.c           |  15 ++++-
 sound/soc/codecs/wm9712.c               |   2 +-
 sound/soc/intel/boards/bytcr_rt5640.c   |  26 ++++++++
 sound/soc/intel/skylake/skl.c           |  10 +--
 sound/soc/soc-core.c                    |   4 +-
 sound/soc/soc-dapm.c                    |   4 ++
 12 files changed, 120 insertions(+), 70 deletions(-)
Merging regmap-fixes/for-linus (5b394b2ddf03 Linux 4.19-rc1)
$ git merge regmap-fixes/for-linus
Already up to date.
Merging regulator-fixes/for-linus (5b394b2ddf03 Linux 4.19-rc1)
$ git merge regulator-fixes/for-linus
Already up to date.
Merging spi-fixes/for-linus (5223c9c1cbfc spi: spi-fsl-dspi: fix broken DSPI_EOQ_MODE)
$ git merge spi-fixes/for-linus
Merge made by the 'recursive' strategy.
 drivers/spi/spi-fsl-dspi.c |  6 ++++++
 drivers/spi/spi.c          | 13 +++++++++++--
 2 files changed, 17 insertions(+), 2 deletions(-)
Merging pci-current/for-linus (5b394b2ddf03 Linux 4.19-rc1)
$ git merge pci-current/for-linus
Already up to date.
Merging driver-core.current/driver-core-linus (5b394b2ddf03 Linux 4.19-rc1)
$ git merge driver-core.current/driver-core-linus
Already up to date.
Merging tty.current/tty-linus (5b394b2ddf03 Linux 4.19-rc1)
$ git merge tty.current/tty-linus
Already up to date.
Merging usb.current/usb-linus (5b394b2ddf03 Linux 4.19-rc1)
$ git merge usb.current/usb-linus
Already up to date.
Merging usb-gadget-fixes/fixes (5b394b2ddf03 Linux 4.19-rc1)
$ git merge usb-gadget-fixes/fixes
Already up to date.
Merging usb-serial-fixes/usb-linus (5dfdd24eb3d3 USB: serial: ti_usb_3410_5052: fix array underflow in completion handler)
$ git merge usb-serial-fixes/usb-linus
Merge made by the 'recursive' strategy.
 drivers/usb/serial/io_ti.h            | 2 +-
 drivers/usb/serial/ti_usb_3410_5052.c | 2 +-
 2 files changed, 2 insertions(+), 2 deletions(-)
Merging usb-chipidea-fixes/ci-for-usb-stable (a930d8bd94d8 usb: chipidea: Always build ULPI code)
$ git merge usb-chipidea-fixes/ci-for-usb-stable
Already up to date.
Merging phy/fixes (ad5003300b07 phy: mapphone-mdm6600: Fix wrong enum used for status lines)
$ git merge phy/fixes
Already up to date.
Merging staging.current/staging-linus (f86cf25a6091 Revert "staging: erofs: disable compiling temporarile")
$ git merge staging.current/staging-linus
Auto-merging MAINTAINERS
Merge made by the 'recursive' strategy.
 MAINTAINERS                             | 2 +-
 drivers/staging/erofs/Kconfig           | 2 +-
 drivers/staging/wilc1000/Makefile       | 3 +--
 drivers/staging/wilc1000/linux_wlan.c   | 6 ++++--
 drivers/staging/wilc1000/wilc_debugfs.c | 7 +++++--
 drivers/staging/wilc1000/wilc_wlan.c    | 6 ++++++
 drivers/staging/wilc1000/wilc_wlan_if.h | 2 --
 7 files changed, 18 insertions(+), 10 deletions(-)
Merging char-misc.current/char-misc-linus (5b394b2ddf03 Linux 4.19-rc1)
$ git merge char-misc.current/char-misc-linus
Already up to date.
Merging input-current/for-linus (13fe7056bebb Merge branch 'next' into for-linus)
$ git merge input-current/for-linus
Already up to date.
Merging crypto-current/master (3d7c82060d1f crypto: cavium/nitrox - fix for command corruption in queue full case with backlog submissions.)
$ git merge crypto-current/master
Auto-merging arch/x86/crypto/aesni-intel_asm.S
Merge made by the 'recursive' strategy.
 arch/arm64/crypto/ghash-ce-glue.c            | 29 +++++++++---
 arch/arm64/crypto/sm4-ce-glue.c              |  2 +-
 arch/x86/crypto/aesni-intel_asm.S            | 66 ++++++++++++++--------------
 drivers/crypto/caam/caamalg_qi.c             |  6 +--
 drivers/crypto/caam/caampkc.c                | 20 ++++-----
 drivers/crypto/caam/jr.c                     |  3 +-
 drivers/crypto/cavium/nitrox/nitrox_dev.h    |  3 +-
 drivers/crypto/cavium/nitrox/nitrox_lib.c    |  1 +
 drivers/crypto/cavium/nitrox/nitrox_reqmgr.c | 57 +++++++++++++-----------
 drivers/crypto/chelsio/chtls/chtls.h         |  5 +++
 drivers/crypto/chelsio/chtls/chtls_main.c    |  7 ++-
 drivers/crypto/vmx/aes_cbc.c                 | 30 ++++++-------
 drivers/crypto/vmx/aes_xts.c                 | 21 ++++++---
 13 files changed, 144 insertions(+), 106 deletions(-)
Merging ide/master (df2def49c57b Merge tag 'acpi-4.19-rc1-2' of git://git.kernel.org/pub/scm/linux/kernel/git/rafael/linux-pm)
$ git merge ide/master
Already up to date.
Merging vfio-fixes/for-linus (0e714d27786c vfio/pci: Fix potential Spectre v1)
$ git merge vfio-fixes/for-linus
Already up to date.
Merging kselftest-fixes/fixes (5b394b2ddf03 Linux 4.19-rc1)
$ git merge kselftest-fixes/fixes
Already up to date.
Merging modules-fixes/modules-linus (be71eda5383f module: Fix display of wrong module .text address)
$ git merge modules-fixes/modules-linus
Already up to date.
Merging slave-dma-fixes/fixes (111b009f7e8b dmaengine: mic_x100_dma: use devm_kzalloc to fix an issue)
$ git merge slave-dma-fixes/fixes
Merge made by the 'recursive' strategy.
 drivers/dma/mic_x100_dma.c | 4 +---
 1 file changed, 1 insertion(+), 3 deletions(-)
Merging backlight-fixes/for-backlight-fixes (ce397d215ccd Linux 4.18-rc1)
$ git merge backlight-fixes/for-backlight-fixes
Already up to date.
Merging mtd-fixes/master (336d139f8718 mtd: rawnand: denali: do not pass zero maxchips to nand_scan())
$ git merge mtd-fixes/master
Merge made by the 'recursive' strategy.
 drivers/mtd/nand/raw/denali.c | 5 +++++
 drivers/mtd/nand/raw/docg4.c  | 4 ++--
 2 files changed, 7 insertions(+), 2 deletions(-)
Merging nand-fixes/nand/fixes (ee02f73e04c0 mtd: nand: atmel: Fix EDO mode check)
$ git merge nand-fixes/nand/fixes
Already up to date.
Merging spi-nor-fixes/spi-nor/fixes (7928b2cbe55b Linux 4.16-rc1)
$ git merge spi-nor-fixes/spi-nor/fixes
Already up to date.
Merging mfd-fixes/for-mfd-fixes (ce397d215ccd Linux 4.18-rc1)
$ git merge mfd-fixes/for-mfd-fixes
Already up to date.
Merging v4l-dvb-fixes/fixes (5b394b2ddf03 Linux 4.19-rc1)
$ git merge v4l-dvb-fixes/fixes
Already up to date.
Merging reset-fixes/reset/fixes (26fce0557fa6 reset: imx7: Fix always writing bits as 0)
$ git merge reset-fixes/reset/fixes
Already up to date.
Merging mips-fixes/mips-fixes (d5ea019f8a38 Revert "MIPS: BCM47XX: Enable 74K Core ExternalSync for PCIe erratum")
$ git merge mips-fixes/mips-fixes
Already up to date.
Merging at91-fixes/at91-fixes (5b394b2ddf03 Linux 4.19-rc1)
$ git merge at91-fixes/at91-fixes
Already up to date.
Merging omap-fixes/fixes (ce32d59ee2cd arm: dts: am4372: setup rtc as system-power-controller)
$ git merge omap-fixes/fixes
Auto-merging drivers/bus/ti-sysc.c
Auto-merging arch/arm/boot/dts/omap4-droid4-xt894.dts
Merge made by the 'recursive' strategy.
 arch/arm/boot/dts/am4372.dtsi            |  1 +
 arch/arm/boot/dts/omap4-droid4-xt894.dts | 18 +++++++--------
 arch/arm/mach-omap2/omap_hwmod.c         | 39 +++++++++++++++++++++++++++++++-
 drivers/bus/ti-sysc.c                    | 37 ++++++++++++++----------------
 4 files changed, 65 insertions(+), 30 deletions(-)
Merging kvm-fixes/master (ad1d69735878 Merge tag 'fuse-update-4.19' of git://git.kernel.org/pub/scm/linux/kernel/git/mszeredi/fuse)
$ git merge kvm-fixes/master
Already up to date.
Merging kvms390-fixes/master (f4a551b72358 KVM: s390: vsie: fix < 8k check for the itdba)
$ git merge kvms390-fixes/master
Already up to date.
Merging hwmon-fixes/hwmon (d49dbfade96d hwmon: (nct6775) Fix potential Spectre v1)
$ git merge hwmon-fixes/hwmon
Merge made by the 'recursive' strategy.
 Documentation/hwmon/ina2xx           |  2 +-
 drivers/hwmon/adt7475.c              | 25 +++++++++++++++++--------
 drivers/hwmon/ina2xx.c               | 13 +++++++++++--
 drivers/hwmon/nct6775.c              |  2 ++
 include/linux/platform_data/ina2xx.h |  2 +-
 5 files changed, 32 insertions(+), 12 deletions(-)
Merging nvdimm-fixes/libnvdimm-fixes (ee6581ceba7f nfit: fix unchecked dereference in acpi_nfit_ctl)
$ git merge nvdimm-fixes/libnvdimm-fixes
Already up to date.
Merging btrfs-fixes/next-fixes (784708458494 Merge branch 'for-next-current-v4.19-20180823' into next-fixes)
$ git merge btrfs-fixes/next-fixes
Auto-merging fs/btrfs/ioctl.c
Auto-merging fs/btrfs/inode.c
Auto-merging fs/btrfs/ctree.h
Merge made by the 'recursive' strategy.
 fs/btrfs/ctree.h       |   1 +
 fs/btrfs/disk-io.c     |   1 +
 fs/btrfs/extent-tree.c |  17 ++++---
 fs/btrfs/inode.c       | 117 +++++++++++++++++++++++++++++++++++--------------
 fs/btrfs/ioctl.c       |  35 +++++++++++++++
 fs/btrfs/qgroup.c      |   5 +--
 fs/btrfs/tree-log.c    |  48 +++++++++++++++++---
 fs/btrfs/tree-log.h    |  10 ++++-
 fs/btrfs/volumes.c     |   7 ++-
 9 files changed, 188 insertions(+), 53 deletions(-)
Merging vfs-fixes/fixes (4c0d7cd5c841 make sure that __dentry_kill() always invalidates d_seq, unhashed or not)
$ git merge vfs-fixes/fixes
Already up to date.
Merging dma-mapping-fixes/for-linus (7ec916f82c48 Revert "iommu/intel-iommu: Enable CONFIG_DMA_DIRECT_OPS=y and clean up intel_{alloc,free}_coherent()")
$ git merge dma-mapping-fixes/for-linus
Already up to date.
Merging drivers-x86-fixes/fixes (5b394b2ddf03 Linux 4.19-rc1)
$ git merge drivers-x86-fixes/fixes
Already up to date.
Merging samsung-krzk-fixes/fixes (ce397d215ccd Linux 4.18-rc1)
$ git merge samsung-krzk-fixes/fixes
Already up to date.
Merging pinctrl-samsung-fixes/pinctrl-fixes (ce397d215ccd Linux 4.18-rc1)
$ git merge pinctrl-samsung-fixes/pinctrl-fixes
Already up to date.
Merging devicetree-fixes/dt/linus (b9952b5218ad of: overlay: update phandle cache on overlay apply and remove)
$ git merge devicetree-fixes/dt/linus
Already up to date.
Merging scsi-fixes/fixes (b9eb3b14f1db scsi: aacraid: fix a signedness bug)
$ git merge scsi-fixes/fixes
Merge made by the 'recursive' strategy.
 Documentation/scsi/scsi-parameters.txt   |  5 +++
 drivers/ata/libata-core.c                |  2 +-
 drivers/scsi/Kconfig                     | 10 ++---
 drivers/scsi/aacraid/aacraid.h           |  2 +-
 drivers/scsi/csiostor/csio_hw.c          | 71 ++++++++++++++++++++++++--------
 drivers/scsi/csiostor/csio_hw.h          |  1 +
 drivers/scsi/csiostor/csio_mb.c          |  6 +--
 drivers/scsi/hosts.c                     | 24 +----------
 drivers/scsi/hpsa.c                      |  2 +-
 drivers/scsi/lpfc/lpfc.h                 |  2 +-
 drivers/scsi/lpfc/lpfc_attr.c            |  8 ++--
 drivers/scsi/scsi_lib.c                  | 21 +++-------
 drivers/target/iscsi/cxgbit/cxgbit_ddp.c |  8 ++--
 13 files changed, 85 insertions(+), 77 deletions(-)
Merging drm-fixes/drm-fixes (5b394b2ddf03 Linux 4.19-rc1)
$ git merge drm-fixes/drm-fixes
Already up to date.
Merging drm-intel-fixes/for-linux-next-fixes (c93e91e47438 drm/i915: Re-apply "Perform link quality check, unconditionally during long pulse")
$ git merge drm-intel-fixes/for-linux-next-fixes
Merge made by the 'recursive' strategy.
 drivers/gpu/drm/i915/intel_display.c |  7 ++++---
 drivers/gpu/drm/i915/intel_dp.c      | 33 +++++++++++++++++++--------------
 drivers/gpu/drm/i915/intel_hdmi.c    |  8 ++++++--
 3 files changed, 29 insertions(+), 19 deletions(-)
Merging mmc-fixes/fixes (d2332f887ddf mmc: renesas_sdhi_internal_dmac: mask DMAC interrupts)
$ git merge mmc-fixes/fixes
Merge made by the 'recursive' strategy.
 drivers/mmc/core/queue.c                      | 12 +++++++-----
 drivers/mmc/core/queue.h                      |  1 +
 drivers/mmc/host/android-goldfish.c           |  4 ++--
 drivers/mmc/host/atmel-mci.c                  | 12 ++++++------
 drivers/mmc/host/renesas_sdhi_internal_dmac.c | 10 +++++++++-
 5 files changed, 25 insertions(+), 14 deletions(-)
Merging rtc-fixes/rtc-fixes (5b394b2ddf03 Linux 4.19-rc1)
$ git merge rtc-fixes/rtc-fixes
Already up to date.
Merging drm-misc-fixes/for-linux-next-fixes (6dcece71c721 drm/pl111: Make sure of_device_id tables are NULL terminated)
$ git merge drm-misc-fixes/for-linux-next-fixes
Merge made by the 'recursive' strategy.
 drivers/gpu/drm/pl111/pl111_vexpress.c |  3 ++-
 drivers/gpu/drm/vc4/vc4_plane.c        | 25 ++++++++++++-------------
 2 files changed, 14 insertions(+), 14 deletions(-)
Merging kbuild/for-next (d503ac531a52 kbuild: rename LDFLAGS to KBUILD_LDFLAGS)
$ git merge kbuild/for-next
Already up to date.
Merging leaks/leaks-next (9f84a0f7f1a6 leaking_addresses: check if file name contains address)
$ git merge leaks/leaks-next
Merge made by the 'recursive' strategy.
Merging uuid/for-next (c0020756315e efi: switch to use new generic UUID API)
$ git merge uuid/for-next
Already up to date.
Merging dma-mapping/for-next (6fa1d28e38cf sh: use generic dma_noncoherent_ops)
$ git merge dma-mapping/for-next
Already up to date.
Merging asm-generic/master (a71e7c44ffb7 io: change writeX_relaxed() to remove barriers)
$ git merge asm-generic/master
Already up to date.
Merging arc/for-next (4fbd8d194f06 Linux 4.15-rc1)
$ git merge arc/for-next
Already up to date.
Merging arm/for-next (6f6874f70c32 Merge branch 'clkdev' into for-next)
$ git merge arm/for-next
Already up to date!
Merge made by the 'recursive' strategy.
Merging arm-perf/for-next/perf (5b394b2ddf03 Linux 4.19-rc1)
$ git merge arm-perf/for-next/perf
Already up to date.
Merging arm-soc/for-next (56db7e244b80 arm-soc: Document merges)
$ git merge arm-soc/for-next
Merge made by the 'recursive' strategy.
 arch/arm/arm-soc-for-next-contents.txt |  13 ++++
 drivers/tee/optee/core.c               |   2 +-
 drivers/tee/tee_core.c                 | 113 +++++++++++++++++++++++++++++++--
 include/linux/tee_drv.h                |  73 +++++++++++++++++++++
 4 files changed, 193 insertions(+), 8 deletions(-)
 create mode 100644 arch/arm/arm-soc-for-next-contents.txt
Merging actions/for-next (35afadd11222 Merge branch 'v4.19/drivers' into next)
$ git merge actions/for-next
Auto-merging MAINTAINERS
Merge made by the 'recursive' strategy.
 MAINTAINERS                                       |  3 +++
 arch/arm/boot/dts/owl-s500-cubieboard6.dts        |  3 +--
 arch/arm/boot/dts/owl-s500-guitar-bb-rev-b.dts    |  3 +--
 arch/arm/boot/dts/owl-s500-guitar.dtsi            |  3 +--
 arch/arm/boot/dts/owl-s500.dtsi                   |  3 +--
 arch/arm64/boot/dts/actions/Makefile              |  2 ++
 arch/arm64/boot/dts/actions/s900-bubblegum-96.dts | 11 ++---------
 arch/arm64/boot/dts/actions/s900.dtsi             | 23 +++++++++++++++++++++--
 drivers/soc/actions/Makefile                      |  2 ++
 drivers/soc/actions/owl-sps-helper.c              |  6 +-----
 drivers/soc/actions/owl-sps.c                     |  6 +-----
 11 files changed, 36 insertions(+), 29 deletions(-)
Merging alpine/alpine/for-next (7928b2cbe55b Linux 4.16-rc1)
$ git merge alpine/alpine/for-next
Already up to date.
Merging amlogic/for-next (aba1d0325bc2 ARM: dts: meson8b: fix the clock controller register size)
$ git merge amlogic/for-next
Merge made by the 'recursive' strategy.
 arch/arm/boot/dts/meson8.dtsi  | 2 +-
 arch/arm/boot/dts/meson8b.dtsi | 2 +-
 2 files changed, 2 insertions(+), 2 deletions(-)
Merging aspeed/for-next (c224edaa4a46 Merge branches 'defconfig-for-v4.19' and 'dt-for-v4.19' into for-next)
$ git merge aspeed/for-next
Auto-merging arch/arm/boot/dts/aspeed-bmc-opp-zaius.dts
Auto-merging arch/arm/boot/dts/aspeed-bmc-opp-witherspoon.dts
Auto-merging arch/arm/boot/dts/aspeed-bmc-opp-romulus.dts
Merge made by the 'recursive' strategy.
 arch/arm/boot/dts/aspeed-bmc-opp-lanyang.dts     |   1 +
 arch/arm/boot/dts/aspeed-bmc-opp-palmetto.dts    |  38 +++++++--
 arch/arm/boot/dts/aspeed-bmc-opp-romulus.dts     |  13 ++-
 arch/arm/boot/dts/aspeed-bmc-opp-witherspoon.dts |   2 +
 arch/arm/boot/dts/aspeed-bmc-opp-zaius.dts       |   2 +
 arch/arm/boot/dts/ibm-power8-cfam.dtsi           |  31 +++++++
 arch/arm/boot/dts/ibm-power9-cfam.dtsi           | 104 +++++++++++++++++++++++
 arch/arm/boot/dts/ibm-power9-dual.dtsi           |  57 +++++++++++++
 8 files changed, 240 insertions(+), 8 deletions(-)
 create mode 100644 arch/arm/boot/dts/ibm-power8-cfam.dtsi
 create mode 100644 arch/arm/boot/dts/ibm-power9-cfam.dtsi
 create mode 100644 arch/arm/boot/dts/ibm-power9-dual.dtsi
Merging at91/at91-next (f69ee8eba4f2 Merge branch 'at91-dt' into at91-next)
$ git merge at91/at91-next
Merge made by the 'recursive' strategy.
 arch/arm/boot/dts/at91-nattis-2-natte-2.dts |  43 ++++++++---
 arch/arm/boot/dts/at91-sama5d2_xplained.dts |  30 ++++++++
 arch/arm/boot/dts/at91sam9g45.dtsi          |   2 +-
 arch/arm/boot/dts/sama5d2.dtsi              | 106 ++++++++++++++++++----------
 arch/arm/mach-at91/pm.c                     |   9 +--
 drivers/memory/atmel-ebi.c                  |   3 +-
 6 files changed, 136 insertions(+), 57 deletions(-)
Merging bcm2835/for-next (5997adb14985 Merge branch anholt/bcm2835-defconfig-64-next into for-next)
$ git merge bcm2835/for-next
Auto-merging drivers/hwmon/Makefile
Auto-merging drivers/hwmon/Kconfig
CONFLICT (content): Merge conflict in drivers/hwmon/Kconfig
Auto-merging drivers/firmware/raspberrypi.c
CONFLICT (content): Merge conflict in drivers/firmware/raspberrypi.c
Resolved 'drivers/firmware/raspberrypi.c' using previous resolution.
Resolved 'drivers/hwmon/Kconfig' using previous resolution.
Automatic merge failed; fix conflicts and then commit the result.
$ git commit -v -a
[master 7f827719c2a7] Merge remote-tracking branch 'bcm2835/for-next'
$ git diff -M --stat --summary HEAD^..
Merging imx-mxs/for-next (abadb73b9b3b Merge branch 'imx/defconfig' into for-next)
$ git merge imx-mxs/for-next
Merge made by the 'recursive' strategy.
 arch/arm/boot/dts/imx23-evk.dts           |  90 +++++++--------
 arch/arm/boot/dts/imx28-evk.dts           | 183 ++++++++++++++----------------
 arch/arm/boot/dts/imx51-babbage.dts       |   1 +
 arch/arm/boot/dts/imx6dl-icore-mipi.dts   |   2 +-
 arch/arm/boot/dts/imx6dl-icore-rqs.dts    |  38 +------
 arch/arm/boot/dts/imx6dl-icore.dts        |  38 +------
 arch/arm/boot/dts/imx6q-icore-mipi.dts    |   6 +-
 arch/arm/boot/dts/imx6q-icore-ofcap10.dts |  38 +------
 arch/arm/boot/dts/imx6q-icore-ofcap12.dts |  38 +------
 arch/arm/boot/dts/imx6q-icore-rqs.dts     |  39 +------
 arch/arm/boot/dts/imx6q-icore.dts         |  38 +------
 arch/arm/boot/dts/imx6qdl-icore-1.5.dtsi  |  34 ++++++
 arch/arm/boot/dts/imx6qdl-icore-rqs.dtsi  |  41 +------
 arch/arm/boot/dts/imx6qdl-icore.dtsi      |  42 +------
 arch/arm/boot/dts/imx6qdl-wandboard.dtsi  |   4 +
 arch/arm/boot/dts/imx6sll.dtsi            |  25 ++++
 arch/arm/boot/dts/imx6ul-geam.dts         |  40 +------
 arch/arm/boot/dts/imx6ul-isiot-emmc.dts   |  61 +---------
 arch/arm/boot/dts/imx6ul-isiot-nand.dts   |  63 +---------
 arch/arm/boot/dts/imx6ul-isiot.dtsi       |  90 +++++++++------
 arch/arm/boot/dts/imx6ul.dtsi             |  11 ++
 arch/arm/boot/dts/imx6ull-pinfunc.h       |  18 ++-
 arch/arm/boot/dts/imx7d.dtsi              |  12 +-
 arch/arm/boot/dts/imx7s-warp.dts          |  14 +++
 arch/arm/boot/dts/imx7s.dtsi              |  27 +++--
 arch/arm/boot/dts/imx7ulp-pinfunc.h       |  16 ++-
 arch/arm/boot/dts/ls1021a.dtsi            |   6 +
 arch/arm/configs/imx_v6_v7_defconfig      |   4 +
 arch/arm/configs/mxs_defconfig            |   1 +
 drivers/soc/imx/gpc.c                     |  18 +--
 30 files changed, 366 insertions(+), 672 deletions(-)
 create mode 100644 arch/arm/boot/dts/imx6qdl-icore-1.5.dtsi
Merging keystone/next (a74cab3c7dcb Merge branch 'for_4.20/drivers-soc' into next)
$ git merge keystone/next
Merge made by the 'recursive' strategy.
 .../devicetree/bindings/arm/keystone/ti,sci.txt    |  4 ++++
 drivers/firmware/ti_sci.c                          | 24 ++++++++++++++++++----
 2 files changed, 24 insertions(+), 4 deletions(-)
Merging mediatek/for-next (b75253e66bc5 Merge branch 'v4.18-next/soc' into for-next)
$ git merge mediatek/for-next
Already up to date!
Merge made by the 'recursive' strategy.
Merging mvebu/for-next (23b7c60b80f6 Merge branch 'mvebu/dt64' into mvebu/for-next)
$ git merge mvebu/for-next
Already up to date!
Merge made by the 'recursive' strategy.
Merging omap/for-next (d356801075c5 Merge branch 'omap-for-v4.19/dt' into for-next)
$ git merge omap/for-next
Merge made by the 'recursive' strategy.
Merging reset/reset/next (d903779b58be reset: meson: add meson audio arb driver)
$ git merge reset/reset/next
Already up to date.
Merging qcom/for-next (76b9e7f947f1 Merge tag 'qcom-defconfig-for-4.19' into all-for-4.19)
$ git merge qcom/for-next
Already up to date!
Merge made by the 'recursive' strategy.
Merging realtek/for-next (2b6286eb7ab8 Merge branch 'v4.15/dt64' into next)
$ git merge realtek/for-next
Already up to date!
Merge made by the 'recursive' strategy.
Merging renesas/next (313824b0dedc Merge branches 'arm-defconfig-for-v4.20', 'arm-dt-for-v4.20', 'arm-soc-for-v4.20', 'arm64-dt-for-v4.20', 'arm64-defconfig-for-v4.20', 'drivers-for-v4.20' and 'dt-bindings-for-v4.20' into next)
$ git merge renesas/next
Merge made by the 'recursive' strategy.
 Documentation/devicetree/bindings/arm/shmobile.txt |  14 +-
 arch/arm/boot/dts/r8a77470-iwg23s-sbc.dts          |  12 +
 arch/arm/boot/dts/r8a77470.dtsi                    | 123 ++++-
 arch/arm/boot/dts/r8a7778.dtsi                     |   2 +-
 arch/arm/boot/dts/r8a7779.dtsi                     |   4 +-
 arch/arm/boot/dts/r8a7790-stout.dts                |   4 +
 arch/arm/boot/dts/r8a7790.dtsi                     |   4 +-
 arch/arm/boot/dts/r8a7791.dtsi                     |   4 +-
 arch/arm/boot/dts/r8a7792.dtsi                     |   1 -
 arch/arm/boot/dts/r8a7793-gose.dts                 |  16 +
 arch/arm/boot/dts/r8a7794-silk.dts                 |  25 +
 arch/arm/boot/dts/r8a7794.dtsi                     |   1 -
 arch/arm/configs/shmobile_defconfig                |   2 -
 arch/arm/mach-shmobile/Kconfig                     |   6 +
 arch/arm/mach-shmobile/Makefile                    |   1 +
 arch/arm/mach-shmobile/setup-r7s9210.c             |  27 ++
 arch/arm/mach-shmobile/setup-r8a7779.c             |   2 -
 arch/arm64/Kconfig.platforms                       |   6 +
 arch/arm64/boot/dts/renesas/Makefile               |   1 +
 arch/arm64/boot/dts/renesas/r8a774a1.dtsi          | 190 ++++++++
 .../boot/dts/renesas/r8a7795-es1-salvator-x.dts    |   3 +-
 arch/arm64/boot/dts/renesas/r8a7795-es1.dtsi       |   2 +-
 arch/arm64/boot/dts/renesas/r8a7795-h3ulcb.dts     |   3 +-
 arch/arm64/boot/dts/renesas/r8a7795-salvator-x.dts |   3 +-
 .../arm64/boot/dts/renesas/r8a7795-salvator-xs.dts |  17 +-
 arch/arm64/boot/dts/renesas/r8a7795.dtsi           |  38 +-
 arch/arm64/boot/dts/renesas/r8a7796-m3ulcb.dts     |   3 +-
 arch/arm64/boot/dts/renesas/r8a7796-salvator-x.dts |   3 +-
 arch/arm64/boot/dts/renesas/r8a7796.dtsi           |  38 +-
 arch/arm64/boot/dts/renesas/r8a77965-m3nulcb.dts   |  33 ++
 .../boot/dts/renesas/r8a77965-salvator-xs.dts      |  14 +
 arch/arm64/boot/dts/renesas/r8a77965.dtsi          |  91 +++-
 arch/arm64/boot/dts/renesas/r8a77970-v3msk.dts     |  26 +
 arch/arm64/boot/dts/renesas/r8a77970.dtsi          |  28 +-
 arch/arm64/boot/dts/renesas/r8a77980-condor.dts    | 111 +++++
 arch/arm64/boot/dts/renesas/r8a77980-v3hsk.dts     | 134 ++++++
 arch/arm64/boot/dts/renesas/r8a77980.dtsi          | 535 ++++++++++++++++++---
 arch/arm64/boot/dts/renesas/r8a77990-ebisu.dts     |  24 +
 arch/arm64/boot/dts/renesas/r8a77990.dtsi          |  72 ++-
 arch/arm64/boot/dts/renesas/r8a77995.dtsi          |  14 +-
 arch/arm64/boot/dts/renesas/salvator-common.dtsi   |   5 +-
 arch/arm64/configs/defconfig                       |   1 +
 drivers/soc/renesas/renesas-soc.c                  |  82 +++-
 43 files changed, 1570 insertions(+), 155 deletions(-)
 create mode 100644 arch/arm/mach-shmobile/setup-r7s9210.c
 create mode 100644 arch/arm64/boot/dts/renesas/r8a774a1.dtsi
 create mode 100644 arch/arm64/boot/dts/renesas/r8a77965-m3nulcb.dts
Merging rockchip/for-next (6575f9609830 Merge branch 'v4.20-armsoc/dts64' into for-next)
$ git merge rockchip/for-next
Merge made by the 'recursive' strategy.
 Documentation/devicetree/bindings/arm/rockchip.txt |    8 +
 .../devicetree/bindings/soc/rockchip/grf.txt       |    2 +
 arch/arm64/boot/dts/rockchip/Makefile              |    2 +
 arch/arm64/boot/dts/rockchip/px30-evb.dts          |  231 +++
 arch/arm64/boot/dts/rockchip/px30.dtsi             | 2016 ++++++++++++++++++++
 arch/arm64/boot/dts/rockchip/rk3328-roc-cc.dts     |   30 +
 arch/arm64/boot/dts/rockchip/rk3328.dtsi           |    7 +-
 arch/arm64/boot/dts/rockchip/rk3399-roc-pc.dts     |  680 +++++++
 8 files changed, 2975 insertions(+), 1 deletion(-)
 create mode 100644 arch/arm64/boot/dts/rockchip/px30-evb.dts
 create mode 100644 arch/arm64/boot/dts/rockchip/px30.dtsi
 create mode 100644 arch/arm64/boot/dts/rockchip/rk3399-roc-pc.dts
Merging samsung/for-next (bebc6082da0a Linux 4.14)
$ git merge samsung/for-next
Already up to date.
Merging samsung-krzk/for-next (babb70ce9674 Merge branch 'next/soc' into for-next)
$ git merge samsung-krzk/for-next
Already up to date!
Merge made by the 'recursive' strategy.
Merging sunxi/sunxi/for-next (bb107114d290 Merge branches 'sunxi/h3-h5-for-4.20' and 'sunxi/dt64-for-4.20' into sunxi/for-next)
$ git merge sunxi/sunxi/for-next
Merge made by the 'recursive' strategy.
 .../bindings/nvmem/allwinner,sunxi-sid.txt         |   1 +
 arch/arm/boot/dts/Makefile                         |   1 +
 arch/arm/boot/dts/sun8i-a83t-bananapi-m3.dts       |   5 +
 arch/arm/boot/dts/sun8i-a83t.dtsi                  |  18 +++
 arch/arm/boot/dts/sun8i-h3-orangepi-zero-plus2.dts | 140 ++++++++++++++++++++
 arch/arm/boot/dts/sun8i-h3.dtsi                    |   5 +
 arch/arm/boot/dts/sun8i-r40-bananapi-m2-ultra.dts  |   3 +-
 arch/arm/boot/dts/sunxi-h3-h5.dtsi                 |   2 +-
 arch/arm64/boot/dts/allwinner/Makefile             |   1 +
 .../boot/dts/allwinner/sun50i-a64-nanopi-a64.dts   |  57 +++++++-
 .../boot/dts/allwinner/sun50i-a64-olinuxino.dts    |  70 +++++++++-
 .../boot/dts/allwinner/sun50i-a64-orangepi-win.dts | 147 ++++++++++++++++++++-
 .../boot/dts/allwinner/sun50i-a64-pine64-lts.dts   |  13 ++
 .../boot/dts/allwinner/sun50i-a64-pinebook.dts     |   3 +-
 arch/arm64/boot/dts/allwinner/sun50i-a64.dtsi      |  14 ++
 arch/arm64/boot/dts/allwinner/sun50i-h5.dtsi       |  48 +++++++
 .../boot/dts/allwinner/sun50i-h6-pine-h64.dts      |   2 +
 drivers/clk/sunxi-ng/ccu-sun50i-h6.c               |  53 ++++----
 drivers/clk/sunxi-ng/ccu-sun8i-a83t.c              |   2 +
 drivers/clk/sunxi-ng/ccu-sun8i-h3.c                |  25 ++--
 drivers/clk/sunxi-ng/ccu-sun8i-r40.c               |  52 ++++----
 drivers/clk/sunxi-ng/ccu_nkmp.c                    |   7 +
 drivers/clk/sunxi-ng/ccu_nkmp.h                    |   1 +
 drivers/clk/sunxi-ng/ccu_nm.c                      |   7 +
 drivers/clk/sunxi-ng/ccu_nm.h                      |  30 +++++
 25 files changed, 629 insertions(+), 78 deletions(-)
 create mode 100644 arch/arm/boot/dts/sun8i-h3-orangepi-zero-plus2.dts
 create mode 100644 arch/arm64/boot/dts/allwinner/sun50i-a64-pine64-lts.dts
Merging tegra/for-next (f29cfb31cf00 Merge branch for-4.19/arm64/dt into for-next)
$ git merge tegra/for-next
Already up to date!
Merge made by the 'recursive' strategy.
Merging arm64/for-next/core (3c4d9137eefe arm64: alternative: Use true and false for boolean values)
$ git merge arm64/for-next/core
Already up to date.
Merging clk/clk-next (5b394b2ddf03 Linux 4.19-rc1)
$ git merge clk/clk-next
Already up to date.
Merging clk-samsung/for-next (e8cf870f253b clk: samsung: simplify getting .drvdata)
$ git merge clk-samsung/for-next
Auto-merging drivers/clk/samsung/clk-s3c2410-dclk.c
Merge made by the 'recursive' strategy.
Merging c6x/for-linux-next (31b02fe54206 c6x: switch to NO_BOOTMEM)
$ git merge c6x/for-linux-next
Auto-merging arch/c6x/Kconfig
Merge made by the 'recursive' strategy.
 arch/c6x/Kconfig        |  1 +
 arch/c6x/kernel/setup.c | 26 +-------------------------
 2 files changed, 2 insertions(+), 25 deletions(-)
Merging h8300/h8300-next (4bdf61ccbe76 h8300: fix IRQ no)
$ git merge h8300/h8300-next
Already up to date.
Merging m68k/for-next (71a896687b85 m68k/defconfig: Update defconfigs for v4.18-rc6)
$ git merge m68k/for-next
Already up to date.
Merging m68knommu/for-next (08df5c54356b m68k: fix early memory reservation for ColdFire MMU systems)
$ git merge m68knommu/for-next
Merge made by the 'recursive' strategy.
 arch/m68k/mm/mcfmmu.c | 2 +-
 1 file changed, 1 insertion(+), 1 deletion(-)
Merging microblaze/next (c4347b05440f microblaze/PCI: Remove stale pcibios_align_resource() comment)
$ git merge microblaze/next
Already up to date.
Merging mips/mips-next (9475e90f024a MIPS: Convert to using %pOFn instead of device_node.name)
$ git merge mips/mips-next
Merge made by the 'recursive' strategy.
 arch/mips/cavium-octeon/octeon-irq.c             | 16 ++++++++--------
 arch/mips/loongson64/common/Makefile             |  1 -
 arch/mips/loongson64/fuloong-2e/Makefile         |  2 +-
 arch/mips/loongson64/fuloong-2e/dma.c            | 12 ++++++++++++
 arch/mips/loongson64/lemote-2f/Makefile          |  2 +-
 arch/mips/loongson64/{common => lemote-2f}/dma.c |  4 ----
 arch/mips/netlogic/common/irq.c                  | 14 +++++++-------
 arch/mips/ralink/cevt-rt3352.c                   |  6 +++---
 arch/mips/ralink/ill_acc.c                       |  2 +-
 9 files changed, 33 insertions(+), 26 deletions(-)
 create mode 100644 arch/mips/loongson64/fuloong-2e/dma.c
 rename arch/mips/loongson64/{common => lemote-2f}/dma.c (75%)
Merging nds32/next (a5fe7c46e245 nds32: fix build error because of wrong semicolon)
$ git merge nds32/next
Merge made by the 'recursive' strategy.
 arch/nds32/Kconfig               |   4 +
 arch/nds32/Makefile              |   4 +
 arch/nds32/include/asm/elf.h     |   4 +-
 arch/nds32/include/asm/ftrace.h  |  46 ++++++
 arch/nds32/include/asm/nds32.h   |   1 +
 arch/nds32/include/asm/uaccess.h | 229 +++++++++++++++--------------
 arch/nds32/kernel/Makefile       |   6 +
 arch/nds32/kernel/atl2c.c        |   3 +-
 arch/nds32/kernel/ex-entry.S     |   2 +-
 arch/nds32/kernel/ex-exit.S      |   4 +-
 arch/nds32/kernel/ftrace.c       | 309 +++++++++++++++++++++++++++++++++++++++
 arch/nds32/kernel/module.c       |   4 +-
 arch/nds32/kernel/stacktrace.c   |   6 +-
 arch/nds32/kernel/traps.c        |  42 ++----
 scripts/recordmcount.pl          |   3 +
 15 files changed, 515 insertions(+), 152 deletions(-)
 create mode 100644 arch/nds32/include/asm/ftrace.h
 create mode 100644 arch/nds32/kernel/ftrace.c
Merging nios2/for-next (c7c09dc187f0 nios2: kconfig: remove duplicate DEBUG_STACK_USAGE symbol defintions)
$ git merge nios2/for-next
Merge made by the 'recursive' strategy.
 arch/nios2/Kconfig.debug | 9 ---------
 1 file changed, 9 deletions(-)
Merging openrisc/for-next (5600779ea5f3 openrisc: use generic dma_noncoherent_ops)
$ git merge openrisc/for-next
Already up to date.
Merging parisc-hd/for-next (7efbe131b5b0 parisc: remove the dead ccio-rm-dma driver)
$ git merge parisc-hd/for-next
Removing drivers/parisc/ccio-rm-dma.c
Merge made by the 'recursive' strategy.
 arch/parisc/Makefile         |   9 --
 arch/parisc/kernel/entry.S   |   2 +-
 drivers/parisc/Makefile      |   3 -
 drivers/parisc/ccio-rm-dma.c | 202 -------------------------------------------
 4 files changed, 1 insertion(+), 215 deletions(-)
 delete mode 100644 drivers/parisc/ccio-rm-dma.c
Merging powerpc/next (0f52b3a00c78 powerpc/mce: Fix SLB rebolting during MCE recovery path.)
$ git merge powerpc/next
Already up to date.
Merging hvc/topic/hvc (9f65b81f36e3 tty: hvc: introduce the hv_ops.flush operation for hvc drivers)
$ git merge hvc/topic/hvc
Already up to date.
Merging fsl/next (bd96461249bd powerpc/dts/fsl: t2080rdb: use the Cortina PHY driver compatible)
$ git merge fsl/next
Already up to date.
Merging risc-v/for-next (47d80a68f10d RISC-V: Use a less ugly workaround for unused variable warnings)
$ git merge risc-v/for-next
Merge made by the 'recursive' strategy.
 .../bindings/interrupt-controller/riscv,cpu-intc.txt      | 14 +++++++++++---
 arch/riscv/include/asm/tlb.h                              |  4 ++++
 arch/riscv/kernel/sys_riscv.c                             | 15 +--------------
 3 files changed, 16 insertions(+), 17 deletions(-)
Merging s390/features (4ec84835900b s390: remove gcc version check (4.3 or newer))
$ git merge s390/features
Already up to date.
Merging sparc-next/master (1aaccb5fa0ea Merge tag 'rtc-4.18' of git://git.kernel.org/pub/scm/linux/kernel/git/abelloni/linux)
$ git merge sparc-next/master
Already up to date.
Merging sh/for-next (ac21fc2dcb40 sh: switch to NO_BOOTMEM)
$ git merge sh/for-next
Already up to date.
Merging uml/linux-next (d9cbd0e8f667 um: NULL check before kfree is not needed)
$ git merge uml/linux-next
Removing arch/um/os-Linux/aio.c
Removing arch/um/include/shared/aio.h
Merge made by the 'recursive' strategy.
 arch/um/drivers/vector_kern.c         |  15 +-
 arch/um/drivers/vector_user.c         |   6 +-
 arch/um/include/shared/aio.h          |  28 ---
 arch/um/kernel/irq.c                  |   3 +-
 arch/um/os-Linux/Makefile             |   8 +-
 arch/um/os-Linux/aio.c                | 390 ----------------------------------
 arch/um/os-Linux/skas/process.c       |   5 +
 arch/x86/um/shared/sysdep/ptrace_32.h |  12 --
 8 files changed, 15 insertions(+), 452 deletions(-)
 delete mode 100644 arch/um/include/shared/aio.h
 delete mode 100644 arch/um/os-Linux/aio.c
Merging xtensa/xtensa-for-next (7bc8c12abba0 Merge branch 'xtensa-fixes' into xtensa-for-next)
$ git merge xtensa/xtensa-for-next
Merge made by the 'recursive' strategy.
 arch/xtensa/platforms/xtfpga/setup.c | 33 +++++++++++++++++++++++++++++++++
 1 file changed, 33 insertions(+)
Merging fscrypt/master (e1cc40e5d42a fscrypt: log the crypto algorithm implementations)
$ git merge fscrypt/master
Already up to date.
Merging befs/for-next (55d945e2e4aa fs: befs: btree: Fixed some coding standard issues)
$ git merge befs/for-next
Merge made by the 'recursive' strategy.
 fs/befs/btree.c | 97 ++++++++++++++++++++++++++++++---------------------------
 1 file changed, 51 insertions(+), 46 deletions(-)
Merging btrfs/next (29dcea88779c Linux 4.17)
$ git merge btrfs/next
Already up to date.
Merging btrfs-kdave/for-next (1e5f18740238 Merge branch 'for-next-current-v4.19-20180817' into for-next-20180817)
$ git merge btrfs-kdave/for-next
Auto-merging fs/btrfs/qgroup.c
Auto-merging fs/btrfs/ioctl.c
Auto-merging fs/btrfs/inode.c
Auto-merging fs/btrfs/extent-tree.c
Auto-merging fs/btrfs/ctree.h
Merge made by the 'recursive' strategy.
 fs/btrfs/backref.c           |  5 +++--
 fs/btrfs/btrfs_inode.h       |  8 ++++----
 fs/btrfs/ctree.c             |  2 +-
 fs/btrfs/ctree.h             |  4 +---
 fs/btrfs/delayed-inode.c     |  5 +++--
 fs/btrfs/dir-item.c          |  8 ++++----
 fs/btrfs/disk-io.c           |  5 ++---
 fs/btrfs/export.c            |  4 ++--
 fs/btrfs/extent-tree.c       |  2 +-
 fs/btrfs/file.c              | 11 +++++++++--
 fs/btrfs/inode.c             |  5 ++---
 fs/btrfs/ioctl.c             |  5 ++---
 fs/btrfs/qgroup.c            | 24 +++++++++++++-----------
 fs/btrfs/ref-verify.c        |  8 ++++----
 fs/btrfs/relocation.c        |  3 ++-
 fs/btrfs/send.c              | 16 ++++++++--------
 fs/btrfs/super.c             |  6 ++++--
 fs/btrfs/transaction.c       | 11 +++++------
 include/trace/events/btrfs.h | 15 ++++++++-------
 19 files changed, 78 insertions(+), 69 deletions(-)
Merging ceph/master (ed72a66f8ee2 ceph: avoid a use-after-free in ceph_destroy_options())
$ git merge ceph/master
Merge made by the 'recursive' strategy.
 drivers/block/rbd.c | 224 +++++++++++++++++++++++++++++++++++++++-------------
 fs/ceph/super.c     |  16 ++--
 2 files changed, 179 insertions(+), 61 deletions(-)
Merging cifs/for-next (8166a20b5af4 SMB3: Backup intent flag missing from compounded ops)
$ git merge cifs/for-next
Merge made by the 'recursive' strategy.
 fs/cifs/cifs_unicode.c |   3 -
 fs/cifs/connect.c      |  11 ++
 fs/cifs/inode.c        |   2 +
 fs/cifs/smb2glob.h     |   2 +-
 fs/cifs/smb2inode.c    | 322 +++++++++++++++++++++++++++++++++++--------------
 fs/cifs/smb2misc.c     |   7 +-
 fs/cifs/smb2ops.c      |  33 +++--
 fs/cifs/smb2pdu.c      | 201 ++++++++++--------------------
 fs/cifs/smb2pdu.h      |   9 ++
 fs/cifs/smb2proto.h    |  25 ++--
 10 files changed, 361 insertions(+), 254 deletions(-)
Merging configfs/for-next (cc57c07343bd configfs: fix registered group removal)
$ git merge configfs/for-next
Already up to date.
Merging ecryptfs/next (5dcea554d5ce eCryptfs: fix a couple type promotion bugs)
$ git merge ecryptfs/next
Merge made by the 'recursive' strategy.
 fs/ecryptfs/crypto.c | 12 ++++++++----
 1 file changed, 8 insertions(+), 4 deletions(-)
Merging ext3/for_next (ee4af50ca94f udf: Fix mounting of Win7 created UDF filesystems)
$ git merge ext3/for_next
Merge made by the 'recursive' strategy.
 fs/isofs/inode.c      |  7 ++++
 fs/notify/mark.c      |  6 ++--
 fs/quota/quota.c      | 14 ++++----
 fs/udf/super.c        | 93 +++++++++++----------------------------------------
 include/linux/quota.h |  8 +----
 5 files changed, 38 insertions(+), 90 deletions(-)
Merging ext4/dev (863c37fcb14f ext4: remove unneeded variable "err" in ext4_mb_release_inode_pa())
$ git merge ext4/dev
Already up to date.
Merging f2fs/dev (899fbc33fd77 Merge tag 'platform-drivers-x86-v4.19-1' of git://git.infradead.org/linux-platform-drivers-x86)
$ git merge f2fs/dev
Already up to date.
Merging fuse/for-next (963545357202 fuse: reduce allocation size for splice_write)
$ git merge fuse/for-next
Already up to date.
Merging jfs/jfs-next (bd646104ac5a jfs: use time64_t for otime)
$ git merge jfs/jfs-next
Already up to date.
Merging nfs/linux-next (94710cac0ef4 Linux 4.18)
$ git merge nfs/linux-next
Already up to date.
Merging nfs-anna/linux-next (0af4c8be97a1 pNFS: Remove unwanted optimisation of layoutget)
$ git merge nfs-anna/linux-next
Already up to date.
Merging nfsd/nfsd-next (108b833cde9c sunrpc: Add comment defining gssd upcall API keywords)
$ git merge nfsd/nfsd-next
Already up to date.
Merging orangefs/for-next (e1b437691a62 orangefs: remove redundant pointer orangefs_inode)
$ git merge orangefs/for-next
Already up to date.
Merging overlayfs/overlayfs-next (989974c80457 ovl: Enable metadata only feature)
$ git merge overlayfs/overlayfs-next
Already up to date.
Merging ubifs/linux-next (6e5461d774bf ubifs: Remove empty file.h)
$ git merge ubifs/linux-next
Already up to date.
Merging v9fs/9p-next (edcd9d977354 net/9p/trans_virtio.c: add null terminal for mount tag)
$ git merge v9fs/9p-next
Already up to date.
Merging xfs/for-next (5b394b2ddf03 Linux 4.19-rc1)
$ git merge xfs/for-next
Already up to date.
Merging file-locks/locks-next (10f3e23f07cb Merge tag 'ext4_for_linus' of git://git.kernel.org/pub/scm/linux/kernel/git/tytso/ext4)
$ git merge file-locks/locks-next
Already up to date.
Merging vfs/for-next (851ac0e8b7d6 Merge branch 'work.mount' into for-next)
$ git merge vfs/for-next
Auto-merging security/smack/smack_lsm.c
Auto-merging security/selinux/selinuxfs.c
Auto-merging security/selinux/hooks.c
Auto-merging security/security.c
Auto-merging security/apparmor/apparmorfs.c
Auto-merging net/socket.c
Auto-merging mm/zsmalloc.c
Auto-merging mm/shmem.c
Auto-merging kernel/trace/trace.c
Auto-merging kernel/cgroup/cgroup.c
Auto-merging kernel/cgroup/cgroup-v1.c
Auto-merging kernel/cgroup/cgroup-internal.h
Auto-merging kernel/bpf/inode.c
Auto-merging init/do_mounts_initrd.c
Auto-merging init/do_mounts.c
Auto-merging init/Kconfig
Auto-merging include/linux/syscalls.h
Auto-merging include/linux/security.h
Auto-merging include/linux/module.h
Auto-merging include/linux/lsm_hooks.h
Auto-merging include/linux/kernfs.h
Auto-merging include/linux/fs.h
CONFLICT (content): Merge conflict in include/linux/fs.h
Auto-merging include/linux/cgroup.h
Auto-merging fs/xfs/xfs_super.c
Auto-merging fs/ufs/super.c
Auto-merging fs/udf/super.c
Auto-merging fs/ubifs/super.c
Auto-merging fs/tracefs/inode.c
Auto-merging fs/sysv/inode.c
Auto-merging fs/super.c
Auto-merging fs/statfs.c
Auto-merging fs/proc/internal.h
Auto-merging fs/proc/inode.c
Auto-merging fs/overlayfs/super.c
Auto-merging fs/nilfs2/super.c
Auto-merging fs/nfsd/nfsctl.c
Auto-merging fs/nfs/super.c
Auto-merging fs/namespace.c
Auto-merging fs/namei.c
Auto-merging fs/isofs/inode.c
Auto-merging fs/internal.h
Auto-merging fs/hugetlbfs/inode.c
Auto-merging fs/hfsplus/super.c
Auto-merging fs/gfs2/super.c
Auto-merging fs/fuse/inode.c
Auto-merging fs/file_table.c
Auto-merging fs/fat/namei_vfat.c
Auto-merging fs/fat/namei_msdos.c
Auto-merging fs/fat/inode.c
Auto-merging fs/f2fs/super.c
Auto-merging fs/ext4/super.c
Auto-merging fs/ext2/super.c
Auto-merging fs/devpts/inode.c
Auto-merging fs/ceph/super.c
Auto-merging fs/btrfs/super.c
Auto-merging fs/block_dev.c
Auto-merging fs/autofs/inode.c
Auto-merging fs/autofs/autofs_i.h
Auto-merging fs/afs/internal.h
Auto-merging drivers/virtio/virtio_balloon.c
Auto-merging drivers/scsi/cxlflash/ocxl_hw.c
Auto-merging drivers/misc/cxl/api.c
Auto-merging drivers/infiniband/Kconfig
Auto-merging drivers/gpu/drm/drm_drv.c
Auto-merging drivers/gpio/Kconfig
Auto-merging drivers/dax/super.c
Auto-merging arch/x86/kernel/setup.c
Auto-merging arch/x86/kernel/cpu/intel_rdt_rdtgroup.c
Auto-merging arch/x86/Kconfig
Resolved 'include/linux/fs.h' using previous resolution.
Automatic merge failed; fix conflicts and then commit the result.
$ git commit -v -a
[master 565d172fcad8] Merge remote-tracking branch 'vfs/for-next'
$ git diff -M --stat --summary HEAD^..
 Documentation/filesystems/mount_api.txt   | 706 ++++++++++++++++++++++++
 arch/arc/kernel/setup.c                   |   1 +
 arch/arm/kernel/atags_parse.c             |   1 +
 arch/arm/kvm/Kconfig                      |   1 -
 arch/arm64/kvm/Kconfig                    |   1 -
 arch/ia64/kernel/perfmon.c                |   3 +-
 arch/mips/kvm/Kconfig                     |   1 -
 arch/powerpc/kvm/Kconfig                  |   1 -
 arch/powerpc/platforms/cell/spufs/inode.c |   6 +-
 arch/s390/hypfs/inode.c                   |   7 +-
 arch/s390/kvm/Kconfig                     |   1 -
 arch/sh/kernel/setup.c                    |   1 +
 arch/sparc/kernel/setup_32.c              |   1 +
 arch/sparc/kernel/setup_64.c              |   1 +
 arch/x86/Kconfig                          |   1 -
 arch/x86/entry/syscalls/syscall_32.tbl    |   7 +
 arch/x86/entry/syscalls/syscall_64.tbl    |   7 +
 arch/x86/kernel/cpu/intel_rdt.h           |  15 +
 arch/x86/kernel/cpu/intel_rdt_rdtgroup.c  | 184 ++++---
 arch/x86/kernel/setup.c                   |   1 +
 arch/x86/kvm/Kconfig                      |   1 -
 drivers/base/Kconfig                      |   1 -
 drivers/base/devtmpfs.c                   |   7 +-
 drivers/char/tpm/Kconfig                  |   1 -
 drivers/dax/super.c                       |   2 +-
 drivers/dma-buf/Kconfig                   |   1 -
 drivers/gpio/Kconfig                      |   1 -
 drivers/gpu/drm/drm_drv.c                 |   3 +-
 drivers/gpu/drm/i915/i915_gemfs.c         |   2 +-
 drivers/iio/Kconfig                       |   1 -
 drivers/infiniband/Kconfig                |   1 -
 drivers/infiniband/hw/qib/qib_fs.c        |   7 +-
 drivers/misc/cxl/api.c                    |   3 +-
 drivers/misc/ibmasm/ibmasmfs.c            |  11 +-
 drivers/mtd/mtdsuper.c                    |  26 +-
 drivers/oprofile/oprofilefs.c             |   8 +-
 drivers/scsi/cxlflash/ocxl_hw.c           |   2 +-
 drivers/usb/gadget/function/f_fs.c        |   7 +-
 drivers/usb/gadget/legacy/inode.c         |   7 +-
 drivers/vfio/Kconfig                      |   1 -
 drivers/virtio/virtio_balloon.c           |   2 +-
 drivers/xen/xenfs/super.c                 |   7 +-
 fs/9p/vfs_super.c                         |   2 +-
 fs/Kconfig                                |   7 +
 fs/Makefile                               |   5 +-
 fs/adfs/super.c                           |   9 +-
 fs/affs/super.c                           |  13 +-
 fs/afs/internal.h                         |  10 +-
 fs/afs/mntpt.c                            | 147 ++---
 fs/afs/super.c                            | 634 +++++++++++++--------
 fs/afs/volume.c                           |   4 +-
 fs/aio.c                                  |   3 +-
 fs/anon_inodes.c                          |   3 +-
 fs/autofs/autofs_i.h                      |   2 +-
 fs/autofs/init.c                          |   4 +-
 fs/autofs/inode.c                         |   3 +-
 fs/befs/linuxvfs.c                        |  11 +-
 fs/bfs/inode.c                            |   8 +-
 fs/binfmt_misc.c                          |   7 +-
 fs/block_dev.c                            |   2 +-
 fs/btrfs/super.c                          |  30 +-
 fs/btrfs/tests/btrfs-tests.c              |   2 +-
 fs/ceph/super.c                           |   3 +-
 fs/cifs/cifs_dfs_ref.c                    |   3 +-
 fs/cifs/cifsfs.c                          |  18 +-
 fs/coda/inode.c                           |  11 +-
 fs/configfs/mount.c                       |   7 +-
 fs/cramfs/inode.c                         |  17 +-
 fs/debugfs/inode.c                        |  14 +-
 fs/devpts/inode.c                         |  10 +-
 fs/ecryptfs/main.c                        |   2 +-
 fs/efivarfs/super.c                       |   9 +-
 fs/efs/super.c                            |  14 +-
 fs/exofs/super.c                          |   7 +-
 fs/ext2/super.c                           |  14 +-
 fs/ext4/super.c                           |  16 +-
 fs/f2fs/super.c                           |  13 +-
 fs/fat/inode.c                            |   3 +-
 fs/fat/namei_msdos.c                      |   8 +-
 fs/fat/namei_vfat.c                       |   8 +-
 fs/file_table.c                           |   9 +-
 fs/filesystems.c                          |   4 +
 fs/freevxfs/vxfs_super.c                  |  12 +-
 fs/fs_context.c                           | 779 ++++++++++++++++++++++++++
 fs/fs_parser.c                            | 483 ++++++++++++++++
 fs/fsopen.c                               | 491 +++++++++++++++++
 fs/fuse/control.c                         |   9 +-
 fs/fuse/inode.c                           |  16 +-
 fs/gfs2/ops_fstype.c                      |   6 +-
 fs/gfs2/super.c                           |   4 +-
 fs/hfs/super.c                            |  12 +-
 fs/hfsplus/super.c                        |  12 +-
 fs/hostfs/hostfs_kern.c                   |   7 +-
 fs/hpfs/super.c                           |  11 +-
 fs/hugetlbfs/inode.c                      | 455 ++++++++++------
 fs/internal.h                             |  13 +-
 fs/isofs/inode.c                          |  11 +-
 fs/jffs2/super.c                          |  10 +-
 fs/jfs/super.c                            |  11 +-
 fs/kernfs/mount.c                         | 102 ++--
 fs/libfs.c                                |  19 +-
 fs/minix/inode.c                          |  14 +-
 fs/namei.c                                |   4 +-
 fs/namespace.c                            | 879 ++++++++++++++++++++++--------
 fs/nfs/internal.h                         |   4 +-
 fs/nfs/namespace.c                        |   3 +-
 fs/nfs/nfs4namespace.c                    |   3 +-
 fs/nfs/nfs4super.c                        |  27 +-
 fs/nfs/super.c                            |  22 +-
 fs/nfsd/nfsctl.c                          |   8 +-
 fs/nilfs2/super.c                         |  10 +-
 fs/notify/fanotify/Kconfig                |   1 -
 fs/notify/inotify/Kconfig                 |   1 -
 fs/nsfs.c                                 |   3 +-
 fs/ntfs/super.c                           |  13 +-
 fs/ocfs2/dlmfs/dlmfs.c                    |   5 +-
 fs/ocfs2/super.c                          |  14 +-
 fs/omfs/inode.c                           |   9 +-
 fs/openpromfs/inode.c                     |  11 +-
 fs/orangefs/orangefs-kernel.h             |   2 +-
 fs/orangefs/super.c                       |   5 +-
 fs/overlayfs/super.c                      |  11 +-
 fs/pipe.c                                 |   3 +-
 fs/pnode.c                                |   1 +
 fs/proc/inode.c                           |  50 +-
 fs/proc/internal.h                        |   6 +-
 fs/proc/root.c                            | 247 ++++++---
 fs/pstore/inode.c                         |  10 +-
 fs/qnx4/inode.c                           |  14 +-
 fs/qnx6/inode.c                           |  14 +-
 fs/ramfs/inode.c                          |   6 +-
 fs/reiserfs/super.c                       |  14 +-
 fs/romfs/super.c                          |  13 +-
 fs/squashfs/super.c                       |  12 +-
 fs/statfs.c                               | 571 +++++++++++++++++++
 fs/super.c                                | 397 +++++++++++---
 fs/sysfs/mount.c                          |  67 ++-
 fs/sysv/inode.c                           |   3 +-
 fs/sysv/super.c                           |  16 +-
 fs/tracefs/inode.c                        |  10 +-
 fs/ubifs/super.c                          |   5 +-
 fs/udf/super.c                            |  16 +-
 fs/ufs/super.c                            |  11 +-
 fs/xfs/xfs_super.c                        |  10 +-
 include/linux/cgroup.h                    |   3 +-
 include/linux/debugfs.h                   |   8 +-
 include/linux/fs.h                        |  50 +-
 include/linux/fs_context.h                | 208 +++++++
 include/linux/fs_parser.h                 | 117 ++++
 include/linux/fsinfo.h                    |  41 ++
 include/linux/kernfs.h                    |  41 +-
 include/linux/lsm_hooks.h                 |  79 ++-
 include/linux/module.h                    |   6 +
 include/linux/mount.h                     |  10 +-
 include/linux/mtd/super.h                 |   4 +-
 include/linux/ramfs.h                     |   4 +-
 include/linux/security.h                  |  72 ++-
 include/linux/shmem_fs.h                  |   3 +-
 include/linux/syscalls.h                  |  13 +
 include/uapi/linux/fcntl.h                |   2 +
 include/uapi/linux/fs.h                   |  82 ++-
 include/uapi/linux/fsinfo.h               | 302 ++++++++++
 include/uapi/linux/mount.h                |  75 +++
 init/Kconfig                              |  10 -
 init/do_mounts.c                          |   5 +-
 init/do_mounts_initrd.c                   |   1 +
 ipc/mqueue.c                              | 120 +++-
 kernel/bpf/inode.c                        |   7 +-
 kernel/cgroup/cgroup-internal.h           |  50 +-
 kernel/cgroup/cgroup-v1.c                 | 415 ++++++++------
 kernel/cgroup/cgroup.c                    | 285 +++++++---
 kernel/cgroup/cpuset.c                    |  67 ++-
 kernel/trace/trace.c                      |   7 +-
 mm/shmem.c                                |  10 +-
 mm/zsmalloc.c                             |   3 +-
 net/socket.c                              |   3 +-
 net/sunrpc/rpc_pipe.c                     |   7 +-
 samples/Kconfig                           |   6 +
 samples/Makefile                          |   2 +-
 samples/mount_api/Makefile                |   7 +
 samples/mount_api/test-fsmount.c          | 118 ++++
 samples/statx/Makefile                    |   7 +-
 samples/statx/test-fs-query.c             | 137 +++++
 samples/statx/test-fsinfo.c               | 584 ++++++++++++++++++++
 security/apparmor/apparmorfs.c            |   8 +-
 security/apparmor/include/mount.h         |  11 +-
 security/apparmor/lsm.c                   | 111 +++-
 security/apparmor/mount.c                 |  47 ++
 security/inode.c                          |   7 +-
 security/security.c                       |  65 ++-
 security/selinux/hooks.c                  | 320 ++++++++++-
 security/selinux/selinuxfs.c              |   8 +-
 security/smack/smack.h                    |  11 +-
 security/smack/smack_lsm.c                | 373 +++++++++++--
 security/smack/smackfs.c                  |   9 +-
 security/tomoyo/common.h                  |   3 +
 security/tomoyo/mount.c                   |  46 ++
 security/tomoyo/tomoyo.c                  |  19 +-
 198 files changed, 9288 insertions(+), 1874 deletions(-)
 create mode 100644 Documentation/filesystems/mount_api.txt
 create mode 100644 fs/fs_context.c
 create mode 100644 fs/fs_parser.c
 create mode 100644 fs/fsopen.c
 create mode 100644 include/linux/fs_context.h
 create mode 100644 include/linux/fs_parser.h
 create mode 100644 include/linux/fsinfo.h
 create mode 100644 include/uapi/linux/fsinfo.h
 create mode 100644 include/uapi/linux/mount.h
 create mode 100644 samples/mount_api/Makefile
 create mode 100644 samples/mount_api/test-fsmount.c
 create mode 100644 samples/statx/test-fs-query.c
 create mode 100644 samples/statx/test-fsinfo.c
$ git am -3 ../patches/0001-vfs-samples-fix-up-for-HOSTLOADLIBES-rename.patch
Applying: vfs: samples: fix up for HOSTLOADLIBES rename
$ git reset HEAD^
Unstaged changes after reset:
M	samples/statx/Makefile
$ git add -A .
$ git commit -v -a --amend
[master 329998775582] Merge remote-tracking branch 'vfs/for-next'
 Date: Wed Aug 29 09:27:40 2018 +1000
$ git am -3 ../patches/0001-staging-erofs-disable-compiling-temporarile.patch
Applying: staging: erofs: disable compiling temporarile
$ git reset HEAD^
Unstaged changes after reset:
M	drivers/staging/erofs/Kconfig
$ git add -A .
$ git commit -v -a --amend
[master 1e378c67ccb1] Merge remote-tracking branch 'vfs/for-next'
 Date: Wed Aug 29 09:27:40 2018 +1000
Merging vfs-miklos/next (0eb8af4916a5 vfs: use helper for calling f_op->fsync())
$ git merge vfs-miklos/next
Already up to date.
Merging printk/for-next (a4322becd21e Merge branch 'for-4.19-nmi' into for-next)
$ git merge printk/for-next
Auto-merging kernel/printk/printk.c
Merge made by the 'recursive' strategy.
Merging pci/next (5b394b2ddf03 Linux 4.19-rc1)
$ git merge pci/next
Already up to date.
Merging pstore/for-next/pstore (1021bcf44d0e pstore: add zstd compression support)
$ git merge pstore/for-next/pstore
Already up to date.
Merging hid/for-next (18c31465c84e Merge branch 'for-4.20/core' into for-next)
$ git merge hid/for-next
Merge made by the 'recursive' strategy.
 drivers/hid/hid-apple.c                 | 9 ++++++++-
 drivers/hid/hid-core.c                  | 4 +++-
 drivers/hid/hid-ids.h                   | 3 +++
 drivers/hid/hid-input.c                 | 1 +
 drivers/hid/i2c-hid/i2c-hid.c           | 2 ++
 drivers/hid/intel-ish-hid/ipc/hw-ish.h  | 1 +
 drivers/hid/intel-ish-hid/ipc/pci-ish.c | 1 +
 7 files changed, 19 insertions(+), 2 deletions(-)
Merging i2c/i2c/for-next (00efcdce67a3 i2c: don't use any __deprecated handling anymore)
$ git merge i2c/i2c/for-next
Already up to date.
Merging dmi/master (7f73745fec52 firmware: dmi: Add access to the SKU ID string)
$ git merge dmi/master
Auto-merging include/linux/mod_devicetable.h
Merge made by the 'recursive' strategy.
Merging hwmon-staging/hwmon-next (70ddde8239c4 hwmon: (iio_hwmon) Do not duplicate or sanitize fixed string)
$ git merge hwmon-staging/hwmon-next
Merge made by the 'recursive' strategy.
 Documentation/devicetree/bindings/hwmon/ltc2978.txt |  2 ++
 Documentation/hwmon/ltc2978                         |  5 +++++
 Documentation/hwmon/mc13783-adc                     |  8 ++++----
 drivers/hwmon/aspeed-pwm-tacho.c                    |  2 +-
 drivers/hwmon/ibmpowernv.c                          |  4 ++--
 drivers/hwmon/iio_hwmon.c                           | 16 ++++++++--------
 drivers/hwmon/npcm750-pwm-fan.c                     |  2 +-
 drivers/hwmon/pmbus/Kconfig                         |  3 ++-
 drivers/hwmon/pmbus/ltc2978.c                       |  9 ++++++++-
 9 files changed, 33 insertions(+), 18 deletions(-)
Merging jc_docs/docs-next (3d83d3188460 Documentation: corrections to console/console.txt)
$ git merge jc_docs/docs-next
Already up to date.
Merging v4l-dvb/master (5b394b2ddf03 Linux 4.19-rc1)
$ git merge v4l-dvb/master
Already up to date.
Merging v4l-dvb-next/master (357b50f3ccc8 drm: amd: dc: don't use FP math when Kcov is enabled)
$ git merge v4l-dvb-next/master
Auto-merging drivers/gpu/drm/amd/display/Kconfig
Merge made by the 'recursive' strategy.
 drivers/gpu/drm/amd/display/Kconfig | 1 +
 1 file changed, 1 insertion(+)
Merging fbdev/fbdev-for-next (f39684524b39 Documentation/fb: corrections for fbcon.txt)
$ git merge fbdev/fbdev-for-next
Already up to date.
Merging pm/linux-next (501b192d0299 Merge branches 'pm-cpuidle' and 'pm-core' into linux-next)
$ git merge pm/linux-next
Merge made by the 'recursive' strategy.
 drivers/base/power/clock_ops.c   |  2 +-
 drivers/cpuidle/governors/menu.c | 13 ++++++++++++-
 2 files changed, 13 insertions(+), 2 deletions(-)
Merging cpupower/cpupower (8a7e2d2ea080 cpupower: remove stringop-truncation waring)
$ git merge cpupower/cpupower
Merge made by the 'recursive' strategy.
 tools/power/cpupower/bench/parse.c | 2 +-
 1 file changed, 1 insertion(+), 1 deletion(-)
Merging idle/next (8a5776a5f498 Linux 4.14-rc4)
$ git merge idle/next
Already up to date.
Merging opp/opp/linux-next (c5c2a97b3ac7 PM / OPP: Update voltage in case freq == old_freq)
$ git merge opp/opp/linux-next
Already up to date.
Merging thermal/next (d7a4303b8d1f dt-bindings: thermal: Allow multiple devices to share cooling map)
$ git merge thermal/next
Already up to date.
Merging thermal-soc/next (152395fd03d4 thermal: of-thermal: disable passive polling when thermal zone is disabled)
$ git merge thermal-soc/next
Merge made by the 'recursive' strategy.
 drivers/thermal/of-thermal.c        |  7 +++++--
 drivers/thermal/qoriq_thermal.c     | 27 ++++++++-------------------
 drivers/thermal/rcar_gen3_thermal.c | 11 +----------
 drivers/thermal/rcar_thermal.c      | 16 ++--------------
 4 files changed, 16 insertions(+), 45 deletions(-)
Merging ieee1394/for-next (188775181bc0 firewire-ohci: work around oversized DMA reads on JMicron controllers)
$ git merge ieee1394/for-next
Already up to date.
Merging dlm/next (da3627c30d22 dlm: remove O_NONBLOCK flag in sctp_connect_to_sock)
$ git merge dlm/next
Already up to date.
Merging swiotlb/linux-next (4855c92dbb7b xen-swiotlb: fix the check condition for xen_swiotlb_free_coherent)
$ git merge swiotlb/linux-next
Already up to date.
Merging rdma/for-next (5b394b2ddf03 Linux 4.19-rc1)
$ git merge rdma/for-next
Already up to date.
Merging net-next/master (050cdc6c9501 Merge git://git.kernel.org/pub/scm/linux/kernel/git/davem/net)
$ git merge net-next/master
Already up to date.
Merging bpf-next/master (050cdc6c9501 Merge git://git.kernel.org/pub/scm/linux/kernel/git/davem/net)
$ git merge bpf-next/master
Already up to date.
Merging ipsec-next/master (ba7f4b3a3810 xfrm: Make function xfrmi_get_link_net() static)
$ git merge ipsec-next/master
Merge made by the 'recursive' strategy.
 net/xfrm/xfrm_interface.c | 2 +-
 1 file changed, 1 insertion(+), 1 deletion(-)
Merging mlx5-next/mlx5-next (664000b6bb43 net/mlx5: Add support for flow table destination number)
$ git merge mlx5-next/mlx5-next
Already up to date.
Merging netfilter-next/master (2ad0d5269970 Merge git://git.kernel.org/pub/scm/linux/kernel/git/davem/net)
$ git merge netfilter-next/master
Already up to date.
Merging nfc-next/master (1f008cfec5d5 NFC: fdp: Fix unused variable warnings)
$ git merge nfc-next/master
Auto-merging drivers/nfc/fdp/i2c.c
Merge made by the 'recursive' strategy.
 drivers/nfc/fdp/fdp.c      | 35 +++++------------------------------
 drivers/nfc/fdp/i2c.c      | 26 +++++++++++++-------------
 drivers/nfc/st21nfca/dep.c |  3 ++-
 drivers/nfc/st21nfca/se.c  |  5 +++--
 drivers/nfc/st95hf/core.c  |  7 ++-----
 net/nfc/hci/core.c         | 10 ++++++++++
 net/nfc/netlink.c          |  6 ++++--
 7 files changed, 39 insertions(+), 53 deletions(-)
Merging ipvs-next/master (26a1ccc6c117 bpf: test: fix spelling mistake "REUSEEPORT" -> "REUSEPORT")
$ git merge ipvs-next/master
Already up to date.
Merging wireless-drivers-next/master (9cac6a9b6297 Merge ath-next from git://git.kernel.org/pub/scm/linux/kernel/git/kvalo/ath.git)
$ git merge wireless-drivers-next/master
Merge made by the 'recursive' strategy.
 drivers/net/wireless/ath/ath10k/ahb.c         |   4 +-
 drivers/net/wireless/ath/ath10k/ce.c          |  24 +-
 drivers/net/wireless/ath/ath10k/core.c        |  17 +-
 drivers/net/wireless/ath/ath10k/hw.h          |   5 +
 drivers/net/wireless/ath/ath10k/mac.c         |   2 +
 drivers/net/wireless/ath/ath10k/pci.c         |   2 +-
 drivers/net/wireless/ath/ath10k/wmi.c         |   6 +
 drivers/net/wireless/ath/ath6kl/main.c        |   2 +-
 drivers/net/wireless/ath/ath9k/ar5008_phy.c   |   4 -
 drivers/net/wireless/ath/ath9k/ath9k.h        |   1 -
 drivers/net/wireless/ath/ath9k/debug_sta.c    |   2 +-
 drivers/net/wireless/ath/ath9k/main.c         |  12 +-
 drivers/net/wireless/ath/ath9k/tx99.c         |   9 -
 drivers/net/wireless/ath/ath9k/xmit.c         |   2 +-
 drivers/net/wireless/ath/wcn36xx/dxe.c        |  19 +-
 drivers/net/wireless/ath/wcn36xx/smd.c        |   4 +-
 drivers/net/wireless/ath/wil6210/cfg80211.c   | 333 ++++++++++++++++++++----
 drivers/net/wireless/ath/wil6210/debugfs.c    |  47 ++--
 drivers/net/wireless/ath/wil6210/main.c       |  13 +-
 drivers/net/wireless/ath/wil6210/pcie_bus.c   |   1 +
 drivers/net/wireless/ath/wil6210/rx_reorder.c |  12 +-
 drivers/net/wireless/ath/wil6210/txrx.c       |  98 +++++++-
 drivers/net/wireless/ath/wil6210/txrx_edma.c  |  26 +-
 drivers/net/wireless/ath/wil6210/wil6210.h    |  19 ++
 drivers/net/wireless/ath/wil6210/wmi.c        | 350 +++++++++++++++++++++++++-
 drivers/net/wireless/ath/wil6210/wmi.h        |   2 +
 26 files changed, 856 insertions(+), 160 deletions(-)
Merging bluetooth/master (bb010103671c Bluetooth: hci_serdev: Add protocol check in hci_uart_dequeue().)
$ git merge bluetooth/master
Merge made by the 'recursive' strategy.
 drivers/bluetooth/hci_qca.c    | 17 +++++++++--------
 drivers/bluetooth/hci_serdev.c |  8 +++++---
 net/bluetooth/bnep/core.c      |  7 ++++---
 net/bluetooth/cmtp/core.c      | 14 ++++++++------
 net/bluetooth/hidp/core.c      | 13 ++++++++-----
 5 files changed, 34 insertions(+), 25 deletions(-)
Merging mac80211-next/master (9cf0a0b4b64a cfg80211: Add support for 60GHz band channels 5 and 6)
$ git merge mac80211-next/master
Auto-merging net/wireless/reg.c
Auto-merging net/mac80211/util.c
Auto-merging net/mac80211/main.c
Auto-merging include/net/cfg80211.h
Auto-merging drivers/net/wireless/ath/wil6210/debugfs.c
Merge made by the 'recursive' strategy.
 drivers/net/wireless/ath/wil6210/debugfs.c |   2 +-
 include/net/cfg80211.h                     |  13 +++-
 include/net/mac80211.h                     |   4 ++
 include/uapi/linux/nl80211.h               |   2 +-
 net/mac80211/cfg.c                         |  48 +------------
 net/mac80211/ieee80211_i.h                 |   3 +
 net/mac80211/main.c                        |   4 ++
 net/mac80211/tx.c                          |  11 ++-
 net/mac80211/util.c                        | 110 +++++++++++++++++++++++++++--
 net/rfkill/core.c                          |   4 +-
 net/wireless/reg.c                         |  48 ++++++++++++-
 net/wireless/trace.h                       |   2 +-
 net/wireless/util.c                        |  51 ++++++++++++-
 13 files changed, 239 insertions(+), 63 deletions(-)
Merging gfs2/for-next (4f36cb36c9d1 gfs2: Don't set GFS2_RDF_UPTODATE when the lvb is updated)
$ git merge gfs2/for-next
Merge made by the 'recursive' strategy.
 fs/gfs2/rgrp.c | 43 +++++++++++++++++++++++++++++++++++++------
 fs/gfs2/util.c |  3 +++
 2 files changed, 40 insertions(+), 6 deletions(-)
Merging mtd/mtd/next (5b394b2ddf03 Linux 4.19-rc1)
$ git merge mtd/mtd/next
Already up to date.
Merging nand/nand/next (ed128e8b757b MAINTAINERS: drop Wenyou Yang from Atmel NAND driver support)
$ git merge nand/nand/next
Already up to date.
Merging spi-nor/spi-nor/next (bb276262e88d mtd: spi-nor: only apply reset hacks to broken hardware)
$ git merge spi-nor/spi-nor/next
Already up to date.
Merging crypto/master (22240df7ac6d crypto: arm64/ghash-ce - implement 4-way aggregation)
$ git merge crypto/master
Already up to date.
Merging drm/drm-next (5b394b2ddf03 Linux 4.19-rc1)
$ git merge drm/drm-next
Already up to date.
Merging drm-panel/drm/panel/for-next (e4bac408b084 drm/panel: simple: Add support for Winstar WF35LTIACD)
$ git merge drm-panel/drm/panel/for-next
Already up to date.
Merging drm-intel/for-linux-next (2693efd99cad drm/i915/audio: Hook up component bindings even if displays are disabled)
$ git merge drm-intel/for-linux-next
Auto-merging drivers/gpu/drm/i915/intel_audio.c
Merge made by the 'recursive' strategy.
 drivers/gpu/drm/i915/i915_pci.c     | 1 -
 drivers/gpu/drm/i915/i915_vma.c     | 4 ----
 drivers/gpu/drm/i915/intel_audio.c  | 3 ---
 drivers/gpu/drm/i915/intel_lspcon.c | 2 +-
 4 files changed, 1 insertion(+), 9 deletions(-)
Merging drm-tegra/drm/tegra/for-next (6134534ca24f drm/tegra: Add kerneldoc for UAPI)
$ git merge drm-tegra/drm/tegra/for-next
Already up to date.
Merging drm-misc/for-linux-next (b6e075c3cb6e drm/atmel-hlcdc: support bus-width (12/16/18/24) in endpoint nodes)
$ git merge drm-misc/for-linux-next
Auto-merging drivers/gpu/drm/vc4/vc4_plane.c
Auto-merging drivers/gpu/drm/i915/intel_display.c
Merge made by the 'recursive' strategy.
 .../devicetree/bindings/display/atmel/hlcdc-dc.txt |  23 +
 .../bindings/display/bridge/lvds-transmitter.txt   |   8 +-
 .../bindings/display/bridge/ti,sn65dsi86.txt       |  87 +++
 .../bindings/display/bridge/toshiba,tc358764.txt   |  35 +
 .../devicetree/bindings/display/mipi-dsi-bus.txt   | 153 +++-
 .../bindings/display/rockchip/rockchip-vop.txt     |   2 +
 Documentation/gpu/drm-kms.rst                      |   6 +
 drivers/dma-buf/dma-buf.c                          |   1 -
 drivers/gpu/drm/amd/display/amdgpu_dm/amdgpu_dm.c  |   1 +
 drivers/gpu/drm/amd/display/amdgpu_dm/amdgpu_dm.h  |   7 +-
 .../gpu/drm/amd/display/amdgpu_dm/amdgpu_dm_crc.c  |  20 +-
 drivers/gpu/drm/arm/malidp_planes.c                |   7 +-
 drivers/gpu/drm/atmel-hlcdc/atmel_hlcdc_crtc.c     | 100 ++-
 drivers/gpu/drm/atmel-hlcdc/atmel_hlcdc_dc.h       |   1 +
 drivers/gpu/drm/atmel-hlcdc/atmel_hlcdc_output.c   |  92 ++-
 drivers/gpu/drm/atmel-hlcdc/atmel_hlcdc_plane.c    |   5 +-
 drivers/gpu/drm/bridge/Kconfig                     |  18 +
 drivers/gpu/drm/bridge/Makefile                    |   2 +
 drivers/gpu/drm/bridge/synopsys/Makefile           |   2 -
 drivers/gpu/drm/bridge/tc358764.c                  | 499 +++++++++++++
 drivers/gpu/drm/bridge/ti-sn65dsi86.c              | 779 +++++++++++++++++++++
 drivers/gpu/drm/cirrus/cirrus_drv.c                |   4 +-
 drivers/gpu/drm/cirrus/cirrus_drv.h                |   2 +-
 drivers/gpu/drm/cirrus/cirrus_fbdev.c              |  51 +-
 drivers/gpu/drm/cirrus/cirrus_mode.c               |   4 +-
 drivers/gpu/drm/drm_atomic.c                       |   4 +
 drivers/gpu/drm/drm_atomic_helper.c                |  34 +-
 drivers/gpu/drm/drm_blend.c                        | 123 ++++
 drivers/gpu/drm/drm_debugfs_crc.c                  |  92 +--
 drivers/gpu/drm/drm_dp_helper.c                    |   3 +-
 drivers/gpu/drm/drm_fb_cma_helper.c                |  26 +-
 drivers/gpu/drm/drm_gem_cma_helper.c               |   4 +-
 drivers/gpu/drm/drm_panel.c                        |   2 +
 drivers/gpu/drm/drm_syncobj.c                      |  15 -
 drivers/gpu/drm/drm_vblank.c                       |   4 +-
 drivers/gpu/drm/gma500/psb_drv.h                   |   1 -
 drivers/gpu/drm/i915/i915_gem_clflush.c            |   7 -
 drivers/gpu/drm/i915/intel_display.c               |   2 +
 drivers/gpu/drm/i915/intel_drv.h                   |   9 +-
 drivers/gpu/drm/i915/intel_pipe_crc.c              | 119 +++-
 drivers/gpu/drm/i915/selftests/i915_sw_fence.c     |   8 -
 drivers/gpu/drm/imx/ipuv3-plane.c                  |   9 +-
 drivers/gpu/drm/msm/msm_fence.c                    |   8 -
 drivers/gpu/drm/nouveau/nouveau_fence.c            |   1 -
 drivers/gpu/drm/qxl/qxl_display.c                  |  16 +-
 drivers/gpu/drm/qxl/qxl_drv.c                      |   2 +-
 drivers/gpu/drm/qxl/qxl_kms.c                      |  80 ++-
 drivers/gpu/drm/rcar-du/rcar_du_crtc.c             | 149 +++-
 drivers/gpu/drm/rcar-du/rcar_du_crtc.h             |   3 +
 drivers/gpu/drm/rcar-du/rcar_du_plane.c            |   6 +-
 drivers/gpu/drm/rcar-du/rcar_du_vsp.c              |   5 +-
 drivers/gpu/drm/rockchip/rockchip_drm_drv.c        |  50 +-
 drivers/gpu/drm/rockchip/rockchip_drm_drv.h        |   1 -
 drivers/gpu/drm/rockchip/rockchip_drm_vop.c        |  26 +-
 drivers/gpu/drm/rockchip/rockchip_vop_reg.c        | 126 ++++
 drivers/gpu/drm/rockchip/rockchip_vop_reg.h        |  74 ++
 drivers/gpu/drm/sti/sti_hda.c                      |   1 -
 drivers/gpu/drm/sti/sti_hdmi.c                     |   1 -
 drivers/gpu/drm/sun4i/sun4i_backend.c              |  81 +--
 drivers/gpu/drm/sun4i/sun4i_backend.h              |   3 +-
 drivers/gpu/drm/sun4i/sun4i_layer.c                |   4 +-
 drivers/gpu/drm/sun4i/sun4i_tcon.c                 | 119 +++-
 drivers/gpu/drm/sun4i/sun8i_tcon_top.c             |   3 +-
 drivers/gpu/drm/tinydrm/core/tinydrm-core.c        |   6 +-
 drivers/gpu/drm/vc4/vc4_plane.c                    |   4 +-
 drivers/gpu/drm/vgem/vgem_drv.c                    |   2 +-
 drivers/gpu/drm/vgem/vgem_fence.c                  |  13 -
 drivers/gpu/drm/virtio/virtgpu_drm_bus.c           |   2 +-
 drivers/gpu/drm/virtio/virtgpu_ttm.c               |  36 +-
 drivers/gpu/drm/vkms/Makefile                      |   2 +-
 drivers/gpu/drm/vkms/vkms_crc.c                    | 121 ++++
 drivers/gpu/drm/vkms/vkms_crtc.c                   | 102 ++-
 drivers/gpu/drm/vkms/vkms_drv.c                    |   1 +
 drivers/gpu/drm/vkms/vkms_drv.h                    |  55 +-
 drivers/gpu/drm/vkms/vkms_gem.c                    |  83 ++-
 drivers/gpu/drm/vkms/vkms_plane.c                  | 140 +++-
 drivers/gpu/drm/vmwgfx/vmwgfx_kms.c                |   4 +-
 drivers/gpu/drm/xen/xen_drm_front_gem.c            |   2 +-
 include/drm/drm_atomic_helper.h                    |   2 +
 include/drm/drm_blend.h                            |   6 +
 include/drm/drm_crtc.h                             |  41 +-
 include/drm/drm_dp_helper.h                        |   5 +-
 include/drm/drm_fb_cma_helper.h                    |   1 -
 include/drm/drm_panel.h                            |   1 +
 include/drm/drm_plane.h                            |   9 +
 include/drm/drm_print.h                            |   2 +-
 include/drm/drm_syncobj.h                          |   5 -
 include/uapi/drm/drm_fourcc.h                      |  36 +
 88 files changed, 3364 insertions(+), 447 deletions(-)
 create mode 100644 Documentation/devicetree/bindings/display/bridge/ti,sn65dsi86.txt
 create mode 100644 Documentation/devicetree/bindings/display/bridge/toshiba,tc358764.txt
 create mode 100644 drivers/gpu/drm/bridge/tc358764.c
 create mode 100644 drivers/gpu/drm/bridge/ti-sn65dsi86.c
 create mode 100644 drivers/gpu/drm/vkms/vkms_crc.c
Merging drm-msm/msm-next (546907de9952 drm/msm: a6xx: fix spelling mistake: "initalization" -> "initialization")
$ git merge drm-msm/msm-next
Already up to date.
Merging hdlcd/for-upstream/hdlcd (d664b851eb2b drm/arm/hdlcd: Reject atomic commits that disable only the plane)
$ git merge hdlcd/for-upstream/hdlcd
Already up to date.
Merging mali-dp/for-upstream/mali-dp (e368fc75c190 drm/arm/malidp: Added the late system pm functions)
$ git merge mali-dp/for-upstream/mali-dp
Already up to date.
Merging sunxi-drm/sunxi-drm/for-next (7dafb83edd32 Merge branches 'sunxi/drm-fixes-for-4.13' and 'sunxi/drm-for-4.14' into sunxi-drm/for-next)
$ git merge sunxi-drm/sunxi-drm/for-next
Already up to date!
Merge made by the 'recursive' strategy.
Merging imx-drm/imx-drm/next (5c41bb607125 gpu: ipu-v3: add support for XRGB32 and XBGR32 V4L2 pixel formats)
$ git merge imx-drm/imx-drm/next
Already up to date.
Merging etnaviv/etnaviv/next (5b1474655323 drm/etnaviv: fix crash in GPU suspend when init failed due to buffer placement)
$ git merge etnaviv/etnaviv/next
Already up to date.
Merging kconfig/for-next (bebc6082da0a Linux 4.14)
$ git merge kconfig/for-next
Already up to date.
Merging regmap/for-next (5b394b2ddf03 Linux 4.19-rc1)
$ git merge regmap/for-next
Already up to date.
Merging sound/for-next (87246f7fd572 ALSA: intel_hdmi: Use the new non-cached allocation)
$ git merge sound/for-next
Merge made by the 'recursive' strategy.
 include/sound/memalloc.h       |   3 ++
 sound/core/memalloc.c          |  40 +++++++++-------
 sound/core/oss/pcm_plugin.c    |   4 +-
 sound/core/pcm_lib.c           |  13 ++++--
 sound/core/seq/seq_system.c    |  22 +++++++--
 sound/core/sgbuf.c             |  15 +++++-
 sound/pci/hda/hda_controller.c |  13 ++++--
 sound/pci/hda/hda_controller.h |   7 +--
 sound/pci/hda/hda_intel.c      | 103 ++++-------------------------------------
 sound/pci/hda/hda_tegra.c      |  18 +------
 sound/pci/intel8x0.c           |  89 +++++------------------------------
 sound/pci/rme9652/hdspm.c      |   2 +-
 sound/x86/intel_hdmi_audio.c   |  29 ++----------
 13 files changed, 106 insertions(+), 252 deletions(-)
Merging sound-asoc/for-next (3ca7cc910a24 Merge branch 'asoc-4.20' into asoc-next)
$ git merge sound-asoc/for-next
Auto-merging sound/pci/hda/hda_tegra.c
Auto-merging sound/pci/hda/hda_intel.c
Auto-merging sound/pci/hda/hda_controller.h
Auto-merging MAINTAINERS
Merge made by the 'recursive' strategy.
 .../devicetree/bindings/sound/pcm3060.txt          |  17 +
 .../devicetree/bindings/sound/renesas,rsnd.txt     |   3 +-
 MAINTAINERS                                        |   7 +
 {sound/pci/hda => include/sound}/hda_codec.h       |   0
 include/sound/soc-acpi-intel-match.h               |   6 +
 sound/pci/hda/hda_auto_parser.c                    |   2 +-
 sound/pci/hda/hda_beep.h                           |   2 +-
 sound/pci/hda/hda_bind.c                           |  14 +-
 sound/pci/hda/hda_codec.c                          |   2 +-
 sound/pci/hda/hda_controller.h                     |   2 +-
 sound/pci/hda/hda_eld.c                            |   2 +-
 sound/pci/hda/hda_generic.c                        |   2 +-
 sound/pci/hda/hda_hwdep.c                          |   2 +-
 sound/pci/hda/hda_intel.c                          |   2 +-
 sound/pci/hda/hda_jack.c                           |   2 +-
 sound/pci/hda/hda_proc.c                           |   2 +-
 sound/pci/hda/hda_sysfs.c                          |   2 +-
 sound/pci/hda/hda_tegra.c                          |   2 +-
 sound/pci/hda/patch_analog.c                       |   2 +-
 sound/pci/hda/patch_ca0110.c                       |   2 +-
 sound/pci/hda/patch_ca0132.c                       |   2 +-
 sound/pci/hda/patch_cirrus.c                       |   2 +-
 sound/pci/hda/patch_cmedia.c                       |   2 +-
 sound/pci/hda/patch_conexant.c                     |   2 +-
 sound/pci/hda/patch_hdmi.c                         |   2 +-
 sound/pci/hda/patch_realtek.c                      |   2 +-
 sound/pci/hda/patch_si3054.c                       |   2 +-
 sound/pci/hda/patch_sigmatel.c                     |   2 +-
 sound/pci/hda/patch_via.c                          |   2 +-
 sound/soc/amd/acp-da7219-max98357a.c               |  35 +-
 sound/soc/atmel/tse850-pcm5142.c                   |  78 ++--
 sound/soc/codecs/Kconfig                           |  22 +
 sound/soc/codecs/Makefile                          |   8 +
 sound/soc/codecs/adau17x1.c                        |  77 +++-
 sound/soc/codecs/hdac_hda.c                        | 484 +++++++++++++++++++++
 sound/soc/codecs/hdac_hda.h                        |  24 +
 sound/soc/codecs/pcm3060-i2c.c                     |  61 +++
 sound/soc/codecs/pcm3060-spi.c                     |  60 +++
 sound/soc/codecs/pcm3060.c                         | 290 ++++++++++++
 sound/soc/codecs/pcm3060.h                         |  88 ++++
 sound/soc/codecs/rt5670.c                          |  12 +
 sound/soc/codecs/rt5682.c                          |  22 +-
 sound/soc/fsl/fsl_esai.c                           |   2 +-
 sound/soc/fsl/fsl_utils.c                          |   4 +-
 sound/soc/intel/boards/Kconfig                     |   9 +
 sound/soc/intel/boards/Makefile                    |   2 +
 sound/soc/intel/boards/cht_bsw_rt5672.c            |   5 +
 sound/soc/intel/boards/skl_hda_dsp_common.c        | 127 ++++++
 sound/soc/intel/boards/skl_hda_dsp_common.h        |  38 ++
 sound/soc/intel/boards/skl_hda_dsp_generic.c       | 182 ++++++++
 sound/soc/intel/common/Makefile                    |   3 +-
 sound/soc/intel/common/soc-acpi-intel-byt-match.c  |   7 +
 sound/soc/intel/common/soc-acpi-intel-hda-match.c  |  40 ++
 sound/soc/intel/skylake/skl-pcm.c                  |  70 ++-
 sound/soc/intel/skylake/skl.c                      |  96 +++-
 sound/soc/intel/skylake/skl.h                      |  12 +-
 sound/soc/meson/Kconfig                            |   4 +
 sound/soc/meson/axg-card.c                         |   2 +-
 sound/soc/meson/axg-fifo.c                         |   2 +
 sound/soc/meson/axg-tdm-interface.c                |  50 ++-
 sound/soc/soc-dapm.c                               |   9 +-
 sound/soc/soc-pcm.c                                |   2 +-
 sound/soc/stm/stm32_sai.c                          |   2 +-
 sound/soc/stm/stm32_sai_sub.c                      |   7 +-
 64 files changed, 1877 insertions(+), 152 deletions(-)
 create mode 100644 Documentation/devicetree/bindings/sound/pcm3060.txt
 rename {sound/pci/hda => include/sound}/hda_codec.h (100%)
 create mode 100644 sound/soc/codecs/hdac_hda.c
 create mode 100644 sound/soc/codecs/hdac_hda.h
 create mode 100644 sound/soc/codecs/pcm3060-i2c.c
 create mode 100644 sound/soc/codecs/pcm3060-spi.c
 create mode 100644 sound/soc/codecs/pcm3060.c
 create mode 100644 sound/soc/codecs/pcm3060.h
 create mode 100644 sound/soc/intel/boards/skl_hda_dsp_common.c
 create mode 100644 sound/soc/intel/boards/skl_hda_dsp_common.h
 create mode 100644 sound/soc/intel/boards/skl_hda_dsp_generic.c
 create mode 100644 sound/soc/intel/common/soc-acpi-intel-hda-match.c
Merging modules/modules-next (9be936f4b3a2 kernel/module: Use kmemdup to replace kmalloc+memcpy)
$ git merge modules/modules-next
Already up to date.
Merging input/next (100294cee9a9 Input: do not use WARN() in input_alloc_absinfo())
$ git merge input/next
Already up to date.
Merging block/for-next (0c27b3c578ff Merge branch 'for-4.19/post' into for-next)
$ git merge block/for-next
Already up to date!
Merge made by the 'recursive' strategy.
Merging lightnvm/for-next (1c6286f26301 lightnvm: fix some error code in pblk-init.c)
$ git merge lightnvm/for-next
Already up to date.
Merging device-mapper/for-next (1e1132ea21da dm writecache: fix a crash due to reading past end of dirty_bitmap)
$ git merge device-mapper/for-next
Already up to date.
Merging pcmcia/pcmcia-next (c3a5307873d4 pcmcia: Use module_pcmcia_driver for scsi drivers)
$ git merge pcmcia/pcmcia-next
Merge made by the 'recursive' strategy.
 drivers/char/pcmcia/cm4040_cs.c    |  2 +-
 drivers/scsi/pcmcia/aha152x_stub.c | 14 +-------------
 drivers/scsi/pcmcia/nsp_cs.c       | 15 +--------------
 drivers/scsi/pcmcia/nsp_cs.h       |  4 ----
 drivers/scsi/pcmcia/qlogic_stub.c  | 13 +------------
 drivers/scsi/pcmcia/sym53c500_cs.c | 16 +---------------
 6 files changed, 5 insertions(+), 59 deletions(-)
Merging mmc/next (3c864d356034 mmc: sdhci-of-dwcmshc: solve 128MB DMA boundary limitation)
$ git merge mmc/next
Auto-merging MAINTAINERS
Merge made by the 'recursive' strategy.
 Documentation/devicetree/bindings/mmc/jz4740.txt   |   1 +
 Documentation/devicetree/bindings/mmc/tmio_mmc.txt |   5 +-
 .../devicetree/bindings/mmc/uniphier-sd.txt        |  55 ++
 MAINTAINERS                                        |   1 +
 drivers/mmc/host/Kconfig                           |  13 +-
 drivers/mmc/host/Makefile                          |   1 +
 drivers/mmc/host/dw_mmc-hi3798cv200.c              |   8 +
 drivers/mmc/host/jz4740_mmc.c                      |   5 +-
 drivers/mmc/host/renesas_sdhi.h                    |   5 +-
 drivers/mmc/host/renesas_sdhi_core.c               |  67 +-
 drivers/mmc/host/renesas_sdhi_internal_dmac.c      |  13 +-
 drivers/mmc/host/renesas_sdhi_sys_dmac.c           |   5 +-
 drivers/mmc/host/sdhci-acpi.c                      |  68 ++
 drivers/mmc/host/sdhci-esdhc.h                     |   1 +
 drivers/mmc/host/sdhci-iproc.c                     |  59 +-
 drivers/mmc/host/sdhci-of-arasan.c                 |   3 +-
 drivers/mmc/host/sdhci-of-dwcmshc.c                |  39 ++
 drivers/mmc/host/sdhci-of-esdhc.c                  |  44 +-
 drivers/mmc/host/sdhci-pltfm.c                     |  68 +-
 drivers/mmc/host/sdhci-pltfm.h                     |   7 +-
 drivers/mmc/host/sdhci-xenon-phy.c                 |   4 +-
 drivers/mmc/host/sdhci.c                           |  66 +-
 drivers/mmc/host/sdhci.h                           |   9 +
 drivers/mmc/host/sh_mmcif.c                        |   7 +-
 drivers/mmc/host/tmio_mmc.c                        |  53 +-
 drivers/mmc/host/tmio_mmc.h                        |  10 +-
 drivers/mmc/host/tmio_mmc_core.c                   |  97 +--
 drivers/mmc/host/uniphier-sd.c                     | 693 +++++++++++++++++++++
 drivers/mmc/host/usdhi6rol0.c                      |   5 +-
 29 files changed, 1199 insertions(+), 213 deletions(-)
 create mode 100644 Documentation/devicetree/bindings/mmc/uniphier-sd.txt
 create mode 100644 drivers/mmc/host/uniphier-sd.c
Merging kgdb/kgdb-next (2cf2f0d5b91f kdb: use memmove instead of overlapping memcpy)
$ git merge kgdb/kgdb-next
Already up to date.
Merging md/for-next (d63e2fc804c4 md/raid5: fix data corruption of replacements after originals dropped)
$ git merge md/for-next
Already up to date.
Merging mfd/for-mfd-next (d2c9281c184b mfd: madera: Add register definitions for accessory detect)
$ git merge mfd/for-mfd-next
Already up to date.
Merging backlight/for-backlight-next (633786736ed5 backlight: pwm_bl: Fix uninitialized variable)
$ git merge backlight/for-backlight-next
Already up to date.
Merging battery/for-next (5b394b2ddf03 Linux 4.19-rc1)
$ git merge battery/for-next
Already up to date.
Merging regulator/for-next (beb5a17fa32e regulator: qcom-rpmh: Add stylistic breaks in the default cases)
$ git merge regulator/for-next
Merge made by the 'recursive' strategy.
 drivers/regulator/bd71837-regulator.c      |  3 +-
 drivers/regulator/core.c                   | 78 ++++++++++++++++++------------
 drivers/regulator/helpers.c                | 13 ++---
 drivers/regulator/isl9305.c                |  4 ++
 drivers/regulator/max8997-regulator.c      |  4 +-
 drivers/regulator/mc13xxx-regulator-core.c |  2 +-
 drivers/regulator/of_regulator.c           | 44 ++++++++---------
 drivers/regulator/qcom-rpmh-regulator.c    | 17 ++++---
 drivers/regulator/s5m8767.c                | 12 ++---
 9 files changed, 101 insertions(+), 76 deletions(-)
Merging security/next-testing (d83c732fffc3 Merge branch 'smack-for-4.19-a' of https://github.com/cschaufler/next-smack into next-testing)
$ git merge security/next-testing
Already up to date!
Merge made by the 'recursive' strategy.
Merging apparmor/apparmor-next (c037bd615885 apparmor: remove no-op permission check in policy_unpack)
$ git merge apparmor/apparmor-next
Already up to date.
Merging integrity/next-integrity (3dd0f18c70d9 EVM: fix return value check in evm_write_xattrs())
$ git merge integrity/next-integrity
Already up to date.
Merging keys/keys-next (1e684d3820d8 pkcs7: Set the module licence to prevent tainting)
$ git merge keys/keys-next
Already up to date.
Merging selinux/next (7e4237faa721 selinux: cleanup dentry and inodes on error in selinuxfs)
$ git merge selinux/next
Already up to date.
Merging tpmdd/next (ec403d8ed08c ima: Get rid of ima_used_chip and use ima_tpm_chip != NULL instead)
$ git merge tpmdd/next
Already up to date.
Merging watchdog/master (12aea518a202 watchdog: fix dependencies of menz69_wdt.o)
$ git merge watchdog/master
Already up to date.
Merging iommu/next (6488a7f35eea Merge branches 'arm/shmobile', 'arm/renesas', 'arm/msm', 'arm/smmu', 'arm/omap', 'x86/amd', 'x86/vt-d' and 'core' into next)
$ git merge iommu/next
Already up to date.
Merging dwmw2-iommu/master (d8a5b80568a9 Linux 4.15)
$ git merge dwmw2-iommu/master
Already up to date.
Merging vfio/next (0dd0e297f0ec vfio-pci: Disable binding to PFs with SR-IOV enabled)
$ git merge vfio/next
Already up to date.
Merging trivial/for-next (75a24b822d38 kfifo: fix inaccurate comment)
$ git merge trivial/for-next
Already up to date.
Merging audit/next (baa2a4fdd525 audit: fix use-after-free in audit_add_watch)
$ git merge audit/next
Already up to date.
Merging devicetree/for-next (f11b9abc9318 Documentation: remove dynamic-resolution-notes reference to non-existent file)
$ git merge devicetree/for-next
Already up to date.
Merging mailbox/mailbox-for-next (2bb7005696e2 mailbox: Add support for i.MX messaging unit)
$ git merge mailbox/mailbox-for-next
Already up to date.
Merging spi/for-next (864822235f18 spi: sh-msiof: Add r8a774a1 support)
$ git merge spi/for-next
Merge made by the 'recursive' strategy.
 Documentation/devicetree/bindings/spi/sh-msiof.txt |   3 +-
 Documentation/devicetree/bindings/spi/spi-sprd.txt |  26 +
 drivers/spi/Kconfig                                |   6 +
 drivers/spi/Makefile                               |   1 +
 drivers/spi/spi-rspi.c                             |  10 +-
 drivers/spi/spi-sh-hspi.c                          |  12 +-
 drivers/spi/spi-sh-msiof.c                         |   6 +-
 drivers/spi/spi-sh.c                               |  12 +-
 drivers/spi/spi-sprd.c                             | 745 +++++++++++++++++++++
 9 files changed, 786 insertions(+), 35 deletions(-)
 create mode 100644 Documentation/devicetree/bindings/spi/spi-sprd.txt
 create mode 100644 drivers/spi/spi-sprd.c
$ git reset --hard HEAD^
HEAD is now at e5332ab9a1cd Merge remote-tracking branch 'security/next-testing'
Merging next-20180828 version of spi
$ git merge -m next-20180828/spi d2aa98d1e49334870ecf131d97d2276fa6829668
Already up to date!
Merge made by the 'recursive' strategy.
Merging tip/auto-latest (e3a5dc08715a x86/Kconfig: Fix trivial typo)
$ git merge tip/auto-latest
Auto-merging arch/x86/Kconfig
Merge made by the 'recursive' strategy.
 arch/x86/Kconfig                 |  2 +-
 arch/x86/include/asm/processor.h |  4 +++-
 arch/x86/kernel/cpu/bugs.c       | 46 +++++++++++++++++++++++++++++++++++-----
 arch/x86/kernel/cpu/common.c     |  1 +
 arch/x86/kernel/cpu/intel.c      |  3 +++
 5 files changed, 49 insertions(+), 7 deletions(-)
Merging clockevents/clockevents/next (6bd9549d8a7d clocksource/drivers/arc_timer: Add comments about locking while read GFRC)
$ git merge clockevents/clockevents/next
Already up to date.
Merging edac/linux_next (345fb0a9a634 Merge tag 'edac_for_4.11' of git://git.kernel.org/pub/scm/linux/kernel/git/bp/bp)
$ git merge edac/linux_next
Already up to date.
Merging edac-amd/for-next (8960de4a5ca7 EDAC, amd64: Add Family 17h, models 10h-2fh support)
$ git merge edac-amd/for-next
Merge made by the 'recursive' strategy.
 drivers/edac/amd64_edac.c | 14 ++++++++++++++
 drivers/edac/amd64_edac.h |  3 +++
 2 files changed, 17 insertions(+)
Merging irqchip/irq/irqchip-next (4110b5cbb014 irqchip/gic-v3: Allow interrupt to be configured as wake-up sources)
$ git merge irqchip/irq/irqchip-next
Already up to date.
Merging ftrace/for-next (bb730b5833b5 tracing: Fix SPDX format headers to use C++ style comments)
$ git merge ftrace/for-next
Already up to date.
Merging rcu/rcu/next (d57fa29ddc3c Merge LKMM and RCU commits)
$ git merge rcu/rcu/next
Auto-merging tools/memory-model/litmus-tests/Z6.0+pooncerelease+poacquirerelease+fencembonceonce.litmus
Auto-merging tools/memory-model/litmus-tests/WRC+pooncerelease+fencermbonceonce+Once.litmus
Auto-merging tools/memory-model/litmus-tests/SB+fencembonceonces.litmus
Auto-merging tools/memory-model/litmus-tests/S+fencewmbonceonce+poacquireonce.litmus
Auto-merging tools/memory-model/litmus-tests/R+fencembonceonces.litmus
Auto-merging tools/memory-model/litmus-tests/MP+fencewmbonceonce+fencermbonceonce.litmus
Auto-merging tools/memory-model/litmus-tests/LB+fencembonceonce+ctrlonceonce.litmus
Auto-merging tools/memory-model/litmus-tests/IRIW+fencembonceonces+OnceOnce.litmus
Auto-merging kernel/sched/wait.c
Auto-merging kernel/sched/core.c
Auto-merging include/linux/spinlock.h
Auto-merging include/linux/sched.h
Auto-merging MAINTAINERS
Merge made by the 'recursive' strategy.
Merging kvm/linux-next (0027ff2a75f9 KVM: VMX: fixes for vmentry_l1d_flush module parameter)
$ git merge kvm/linux-next
Already up to date.
Merging kvm-arm/next (976d34e2dab1 KVM: arm/arm64: Skip updating PTE entry if no change)
$ git merge kvm-arm/next
Already up to date.
Merging kvm-mips/next (dc44abd6aad2 KVM: MIPS/Emulate: Properly implement TLBR for T&E)
$ git merge kvm-mips/next
Already up to date.
Merging kvm-ppc/kvm-ppc-next (46dec40fb741 KVM: PPC: Book3S HV: Don't truncate HPTE index in xlate function)
$ git merge kvm-ppc/kvm-ppc-next
Auto-merging arch/powerpc/kvm/book3s_64_mmu_radix.c
Auto-merging arch/powerpc/kvm/book3s_64_mmu_hv.c
Merge made by the 'recursive' strategy.
 arch/powerpc/kvm/book3s_64_mmu_hv.c    | 2 +-
 arch/powerpc/kvm/book3s_64_mmu_radix.c | 6 +++---
 2 files changed, 4 insertions(+), 4 deletions(-)
Merging kvms390/next (237584619366 Merge tag 'hlp_stage1' of git://git.kernel.org/pub/scm/linux/kernel/git/kvms390/linux into kvms390/next)
$ git merge kvms390/next
Already up to date.
Merging xen-tip/linux-next (6d3c8ce012ce x86/xen: remove redundant variable save_pud)
$ git merge xen-tip/linux-next
Auto-merging arch/x86/xen/mmu_pv.c
Merge made by the 'recursive' strategy.
 Documentation/ABI/stable/sysfs-bus-xen-backend | 9 +++++++++
 arch/x86/include/asm/pgtable-3level.h          | 7 +++----
 arch/x86/xen/mmu_pv.c                          | 9 +++------
 drivers/xen/xenbus/xenbus_probe.c              | 9 +++++++++
 4 files changed, 24 insertions(+), 10 deletions(-)
Merging percpu/for-next (b3a5d1119944 percpu_ref: Update doc to dissuade users from depending on internal RCU grace periods)
$ git merge percpu/for-next
Already up to date.
Merging workqueues/for-next (87915adc3f0a workqueue: re-add lockdep dependencies for flushing)
$ git merge workqueues/for-next
Already up to date.
Merging drivers-x86/for-next (5b394b2ddf03 Linux 4.19-rc1)
$ git merge drivers-x86/for-next
Already up to date.
Merging chrome-platform/for-next (40291fb75123 Merge tag 'ib-platform-chrome-mfd-move-cros-ec-transport-for-4.19' into working-branch-for-4.19)
$ git merge chrome-platform/for-next
Already up to date.
Merging hsi/for-next (5b394b2ddf03 Linux 4.19-rc1)
$ git merge hsi/for-next
Already up to date.
Merging leds/for-next (f813eec972ee leds: Convert to using %pOFn instead of device_node.name)
$ git merge leds/for-next
Merge made by the 'recursive' strategy.
 drivers/leds/leds-as3645a.c | 4 ++--
 1 file changed, 2 insertions(+), 2 deletions(-)
Merging ipmi/for-next (0192915d2331 ipmi: Convert pr_xxx() to dev_xxx() in the BT code)
$ git merge ipmi/for-next
Auto-merging include/linux/pci_ids.h
Merge made by the 'recursive' strategy.
 drivers/acpi/acpi_ipmi.c             |   4 +-
 drivers/char/ipmi/ipmi_bt_sm.c       | 158 ++++++++++++++++++-----------------
 drivers/char/ipmi/ipmi_devintf.c     |  11 ++-
 drivers/char/ipmi/ipmi_dmi.c         |  23 +++--
 drivers/char/ipmi/ipmi_kcs_sm.c      |   4 +-
 drivers/char/ipmi/ipmi_msghandler.c  | 104 ++++++++++++-----------
 drivers/char/ipmi/ipmi_powernv.c     |   4 +-
 drivers/char/ipmi/ipmi_poweroff.c    |  67 +++++++--------
 drivers/char/ipmi/ipmi_si_hardcode.c |   9 +-
 drivers/char/ipmi/ipmi_si_hotmod.c   |  17 ++--
 drivers/char/ipmi/ipmi_si_intf.c     |  45 ++++------
 drivers/char/ipmi/ipmi_si_mem_io.c   |   2 +-
 drivers/char/ipmi/ipmi_si_pci.c      |  21 ++---
 drivers/char/ipmi/ipmi_si_platform.c |  20 +++--
 drivers/char/ipmi/ipmi_smic_sm.c     |  26 +++---
 drivers/char/ipmi/ipmi_ssif.c        |  82 ++++++++----------
 drivers/char/ipmi/ipmi_watchdog.c    |  52 ++++++------
 drivers/char/ipmi/kcs_bmc.c          |   7 +-
 drivers/hwmon/ibmaem.c               |   2 +-
 drivers/hwmon/ibmpex.c               |   2 +-
 include/linux/ipmi.h                 |   2 +-
 include/linux/ipmi_smi.h             |   2 +-
 include/linux/pci_ids.h              |   4 +
 23 files changed, 327 insertions(+), 341 deletions(-)
Merging driver-core/driver-core-next (5b394b2ddf03 Linux 4.19-rc1)
$ git merge driver-core/driver-core-next
Already up to date.
Merging usb/usb-next (5b394b2ddf03 Linux 4.19-rc1)
$ git merge usb/usb-next
Already up to date.
Merging usb-gadget/next (5b394b2ddf03 Linux 4.19-rc1)
$ git merge usb-gadget/next
Already up to date.
Merging usb-serial/usb-next (5b394b2ddf03 Linux 4.19-rc1)
$ git merge usb-serial/usb-next
Already up to date.
Merging usb-chipidea-next/ci-for-usb-next (ba0ab35a81de usb: chipidea: tegra: Use aligned DMA on Tegra114/124)
$ git merge usb-chipidea-next/ci-for-usb-next
Already up to date.
Merging phy-next/next (ec14b83a1ee4 phy: mvebu-cp110-comphy: switch to SPDX identifier)
$ git merge phy-next/next
Already up to date.
Merging tty/tty-next (5b394b2ddf03 Linux 4.19-rc1)
$ git merge tty/tty-next
Already up to date.
Merging char-misc/char-misc-next (5b394b2ddf03 Linux 4.19-rc1)
$ git merge char-misc/char-misc-next
Already up to date.
Merging extcon/extcon-next (1213a3668172 extcon: maxim: Add SPDX license identifiers)
$ git merge extcon/extcon-next
Merge made by the 'recursive' strategy.
 drivers/extcon/extcon-max14577.c | 24 +++++++-----------------
 drivers/extcon/extcon-max77693.c | 22 ++++++----------------
 drivers/extcon/extcon-max77843.c | 19 +++++++------------
 drivers/extcon/extcon-max8997.c  | 22 ++++++----------------
 4 files changed, 26 insertions(+), 61 deletions(-)
Merging staging/staging-next (3e195a80e096 Staging: octeon-usb: Replaces CVMX_WAIT_FOR_FIELD32 macro with a function)
$ git merge staging/staging-next
Removing drivers/staging/rtl8188eu/include/odm_reg.h
Merge made by the 'recursive' strategy.
 drivers/staging/erofs/Kconfig                      |   9 +
 drivers/staging/erofs/data.c                       |  70 ++++---
 drivers/staging/erofs/erofs_fs.h                   |  11 ++
 drivers/staging/erofs/internal.h                   |  66 ++++---
 drivers/staging/erofs/unzip_vle.c                  | 153 ++++++++--------
 drivers/staging/erofs/xattr.c                      | 127 +++++++++----
 drivers/staging/fbtft/fbtft.h                      |   2 +-
 drivers/staging/gasket/apex_driver.c               |   3 -
 drivers/staging/gasket/gasket_core.c               | 138 +++++++-------
 drivers/staging/gasket/gasket_core.h               |  19 +-
 drivers/staging/gasket/gasket_interrupt.c          | 105 ++++-------
 drivers/staging/gasket/gasket_interrupt.h          |  24 +--
 drivers/staging/gasket/gasket_page_table.c         |  24 +--
 drivers/staging/most/core.c                        |  27 ++-
 drivers/staging/mt7621-mmc/dbg.c                   |   4 +-
 drivers/staging/mt7621-mmc/dbg.h                   |   7 -
 drivers/staging/mt7621-mmc/sd.c                    |  16 --
 drivers/staging/mt7621-pci/pci-mt7621.c            |  19 +-
 drivers/staging/octeon-usb/octeon-hcd.c            |  56 +++---
 drivers/staging/olpc_dcon/olpc_dcon.c              |   5 +-
 drivers/staging/olpc_dcon/olpc_dcon_xo_1.c         |   5 +-
 drivers/staging/olpc_dcon/olpc_dcon_xo_1_5.c       |   5 +-
 drivers/staging/pi433/rf69.c                       |   3 +-
 drivers/staging/rtl8188eu/TODO                     |   2 +-
 drivers/staging/rtl8188eu/core/rtw_ap.c            |   2 +-
 drivers/staging/rtl8188eu/core/rtw_efuse.c         |   8 +-
 drivers/staging/rtl8188eu/core/rtw_ieee80211.c     |  20 +-
 drivers/staging/rtl8188eu/core/rtw_recv.c          |  35 ++--
 drivers/staging/rtl8188eu/core/rtw_security.c      |   8 +-
 drivers/staging/rtl8188eu/core/rtw_xmit.c          |  35 ++--
 drivers/staging/rtl8188eu/include/odm_precomp.h    |   2 +-
 drivers/staging/rtl8188eu/include/odm_reg.h        | 106 -----------
 drivers/staging/rtl8188eu/include/osdep_service.h  |   2 -
 drivers/staging/rtl8188eu/include/wifi.h           |   8 -
 drivers/staging/rtl8188eu/os_dep/ioctl_linux.c     |   4 +-
 drivers/staging/rtl8188eu/os_dep/osdep_service.c   |  14 --
 drivers/staging/rtl8192u/ieee80211/dot11d.c        |  42 ++---
 drivers/staging/rtl8192u/ieee80211/dot11d.h        |  77 +++-----
 drivers/staging/rtl8192u/ieee80211/ieee80211.h     |  13 +-
 drivers/staging/rtl8192u/ieee80211/ieee80211_rx.c  |  12 +-
 .../staging/rtl8192u/ieee80211/ieee80211_softmac.c |   6 +-
 drivers/staging/rtl8192u/ieee80211/ieee80211_tx.c  |   4 +-
 drivers/staging/rtl8192u/ieee80211/ieee80211_wx.c  |   6 +-
 drivers/staging/rtl8192u/ieee80211/rtl819x_BA.h    |  84 ++++-----
 .../staging/rtl8192u/ieee80211/rtl819x_BAProc.c    | 184 +++++++++----------
 drivers/staging/rtl8192u/ieee80211/rtl819x_HT.h    | 161 +++++-----------
 .../staging/rtl8192u/ieee80211/rtl819x_HTProc.c    |  37 ++--
 drivers/staging/rtl8192u/ieee80211/rtl819x_TS.h    |   6 +-
 .../staging/rtl8192u/ieee80211/rtl819x_TSProc.c    |   6 +-
 drivers/staging/rtl8192u/r8190_rtl8256.c           |  33 ++--
 drivers/staging/rtl8192u/r8190_rtl8256.h           |  11 +-
 drivers/staging/rtl8192u/r8192U.h                  |  16 +-
 drivers/staging/rtl8192u/r8192U_core.c             |  56 +++---
 drivers/staging/rtl8192u/r8192U_hw.h               | 204 ++-------------------
 drivers/staging/rtl8192u/r819xU_phy.c              |  31 ++--
 drivers/staging/rtl8192u/r819xU_phy.h              |   6 +-
 drivers/staging/rtl8712/rtl871x_ioctl_linux.c      |   5 -
 57 files changed, 895 insertions(+), 1249 deletions(-)
 delete mode 100644 drivers/staging/rtl8188eu/include/odm_reg.h
Merging mux/for-next (2c01260df661 mux: add mux_control_get_optional() API)
$ git merge mux/for-next
Auto-merging Documentation/driver-model/devres.txt
Merge made by the 'recursive' strategy.
 Documentation/driver-model/devres.txt |   1 +
 drivers/mux/core.c                    | 104 +++++++++++++++++++++++++++-------
 include/linux/mux/consumer.h          |   4 ++
 3 files changed, 89 insertions(+), 20 deletions(-)
Merging slave-dma/next (5ab64902b5f9 dmaengine: Convert to using %pOFn instead of device_node.name)
$ git merge slave-dma/next
Merge made by the 'recursive' strategy.
 drivers/dma/nbpfaxi.c | 4 ++--
 1 file changed, 2 insertions(+), 2 deletions(-)
Merging cgroup/for-next (e4f8d81c738d cgroup/tracing: Move taking of spin lock out of trace event handlers)
$ git merge cgroup/for-next
Already up to date.
Merging scsi/for-next (714d7fe777fc Merge branch 'misc' into for-next)
$ git merge scsi/for-next
Auto-merging drivers/scsi/qla2xxx/qla_init.c
CONFLICT (content): Merge conflict in drivers/scsi/qla2xxx/qla_init.c
Resolved 'drivers/scsi/qla2xxx/qla_init.c' using previous resolution.
Automatic merge failed; fix conflicts and then commit the result.
$ git commit -v -a
[master 2364d0a88246] Merge remote-tracking branch 'scsi/for-next'
$ git diff -M --stat --summary HEAD^..
Merging scsi-mkp/for-next (5b394b2ddf03 Linux 4.19-rc1)
$ git merge scsi-mkp/for-next
Already up to date.
Merging target-updates/for-next (1c130ae00b76 iscsi-target: make sure to wake up sleeping login worker)
$ git merge target-updates/for-next
Already up to date.
Merging target-bva/for-next (60cc43fc8884 Linux 4.17-rc1)
$ git merge target-bva/for-next
Already up to date.
Merging vhost/linux-next (1e05b62ae4bd sh: use the the PCI channels's io_map_base)
$ git merge vhost/linux-next
Already up to date.
Merging rpmsg/for-next (2ad516f14a46 Merge branches 'hwspinlock-next', 'rpmsg-next' and 'rproc-next' into for-next)
$ git merge rpmsg/for-next
Merge made by the 'recursive' strategy.
 drivers/remoteproc/da8xx_remoteproc.c |  2 +-
 drivers/rpmsg/qcom_glink_smem.c       |  2 +-
 drivers/rpmsg/qcom_smd.c              |  2 +-
 drivers/rpmsg/rpmsg_char.c            | 27 ++++++++++++++++-----------
 4 files changed, 19 insertions(+), 14 deletions(-)
Merging gpio/for-next (a5ec96ddfd55 gpio: it87: Add support for IT8613)
$ git merge gpio/for-next
Already up to date.
Merging pinctrl/for-next (c2944a9a09a2 pinctrl: nomadik: silence uninitialized variable warning)
$ git merge pinctrl/for-next
Already up to date.
Merging pinctrl-samsung/for-next (b3793159249b dt-bindings: pinctrl: samsung: Add SPDX license identifier)
$ git merge pinctrl-samsung/for-next
Already up to date.
Merging pwm/for-next (8cdc43afbb2c pwm: mediatek: Add MT7628 support)
$ git merge pwm/for-next
Already up to date.
Merging userns/for-next (82c9a927bc5d getxattr: use correct xattr length)
$ git merge userns/for-next
Already up to date.
Merging ktest/for-next (6cd110a91f52 ktest: Take submenu into account for grub2 menus)
$ git merge ktest/for-next
Already up to date.
Merging random/dev (9a47249d444d random: Make crng state queryable)
$ git merge random/dev
Already up to date.
Merging aio/master (2a8a98673c13 fs: aio: fix the increment of aio-nr and counting against aio-max-nr)
$ git merge aio/master
Already up to date.
Merging kselftest/next (c31d02d1290e selftests: kselftest: Remove outdated comment)
$ git merge kselftest/next
Merge made by the 'recursive' strategy.
 tools/testing/selftests/android/{ion => }/config | 0
 tools/testing/selftests/kselftest.h              | 1 -
 2 files changed, 1 deletion(-)
 rename tools/testing/selftests/android/{ion => }/config (100%)
Merging y2038/y2038 (562bdf7f95ae y2038: provide aliases for compat helpers)
$ git merge y2038/y2038
Merge made by the 'recursive' strategy.
Merging livepatching/for-next (c72a7f515329 Merge branch 'for-4.18/upstream' into for-next)
$ git merge livepatching/for-next
Already up to date!
Merge made by the 'recursive' strategy.
Merging coresight/next (9cda9e8f28d7 coresight: etb10: Splitting function etb_enable())
$ git merge coresight/next
Merge made by the 'recursive' strategy.
 .../devicetree/bindings/arm/coresight.txt          |  95 +++---
 arch/arm64/boot/dts/arm/juno-base.dtsi             | 161 +++++-----
 arch/arm64/boot/dts/arm/juno-cs-r1r2.dtsi          |  52 ++--
 arch/arm64/boot/dts/arm/juno.dts                   |  13 +-
 .../coresight/coresight-dynamic-replicator.c       |   4 +-
 drivers/hwtracing/coresight/coresight-etb10.c      | 171 ++++++-----
 drivers/hwtracing/coresight/coresight-etm-perf.c   | 132 +++++----
 drivers/hwtracing/coresight/coresight-etm-perf.h   |  26 ++
 drivers/hwtracing/coresight/coresight-etm3x.c      |   4 +-
 drivers/hwtracing/coresight/coresight-etm4x.c      |   4 +-
 drivers/hwtracing/coresight/coresight-funnel.c     |   4 +-
 drivers/hwtracing/coresight/coresight-priv.h       |   2 +-
 drivers/hwtracing/coresight/coresight-replicator.c |   4 +-
 drivers/hwtracing/coresight/coresight-stm.c        |   4 +-
 drivers/hwtracing/coresight/coresight-tmc-etf.c    |  94 +++---
 drivers/hwtracing/coresight/coresight-tmc-etr.c    | 329 ++++++++++++++++++---
 drivers/hwtracing/coresight/coresight-tmc.c        |   4 +-
 drivers/hwtracing/coresight/coresight-tmc.h        |   4 +
 drivers/hwtracing/coresight/coresight-tpiu.c       |   6 +-
 drivers/hwtracing/coresight/coresight.c            |  66 ++---
 drivers/hwtracing/coresight/of_coresight.c         | 265 ++++++++++++-----
 include/linux/coresight.h                          |  21 +-
 22 files changed, 928 insertions(+), 537 deletions(-)
Merging rtc/rtc-next (ac771ed746c8 rtc: rv8803: add Epson RX8803 support)
$ git merge rtc/rtc-next
Merge made by the 'recursive' strategy.
 drivers/rtc/Kconfig      |  2 +-
 drivers/rtc/rtc-mrst.c   |  2 +-
 drivers/rtc/rtc-omap.c   | 28 ++++++++++++++++------------
 drivers/rtc/rtc-rv8803.c |  7 ++++++-
 drivers/rtc/rtc-sun6i.c  |  3 +--
 drivers/rtc/rtc-sysfs.c  |  4 ++--
 6 files changed, 27 insertions(+), 19 deletions(-)
Merging nvdimm/libnvdimm-for-next (af429e33d308 Merge branch 'for-4.19/dax-memory-failure' into libnvdimm-for-next)
$ git merge nvdimm/libnvdimm-for-next
Already up to date!
Merge made by the 'recursive' strategy.
Merging at24/at24/for-next (5b394b2ddf03 Linux 4.19-rc1)
$ git merge at24/at24/for-next
Already up to date.
Merging ntb/ntb-next (b1ce023ae8a2 ntb_netdev: fix sleep time mismatch)
$ git merge ntb/ntb-next
Auto-merging drivers/net/ntb_netdev.c
Merge made by the 'recursive' strategy.
 drivers/net/ntb_netdev.c | 2 +-
 1 file changed, 1 insertion(+), 1 deletion(-)
Merging kspp/for-next/kspp (43bd0619727c Merge branch 'for-next/gcc-plugin-infrastructure' into for-next/kspp)
$ git merge kspp/for-next/kspp
Auto-merging kernel/sysctl.c
Auto-merging kernel/fork.c
Auto-merging include/linux/sched.h
Auto-merging fs/proc/base.c
Auto-merging arch/x86/Kconfig
Auto-merging arch/Kconfig
Auto-merging Documentation/sysctl/kernel.txt
Merge made by the 'recursive' strategy.
 Documentation/security/self-protection.rst |  10 +-
 Documentation/sysctl/kernel.txt            |  18 ++
 Documentation/x86/x86_64/mm.txt            |   2 +
 arch/Kconfig                               |   7 +
 arch/arm64/kernel/process.c                |  22 --
 arch/x86/Kconfig                           |   1 +
 arch/x86/entry/calling.h                   |  14 +
 arch/x86/entry/entry_32.S                  |   7 +
 arch/x86/entry/entry_64.S                  |   3 +
 arch/x86/entry/entry_64_compat.S           |   5 +
 drivers/misc/lkdtm/Makefile                |   2 +
 drivers/misc/lkdtm/core.c                  |   1 +
 drivers/misc/lkdtm/lkdtm.h                 |   3 +
 drivers/misc/lkdtm/stackleak.c             |  73 +++++
 fs/proc/base.c                             |  18 ++
 include/linux/sched.h                      |   5 +
 include/linux/stackleak.h                  |  35 +++
 kernel/Makefile                            |   4 +
 kernel/fork.c                              |   3 +
 kernel/stackleak.c                         | 132 +++++++++
 kernel/sysctl.c                            |  15 +-
 scripts/Makefile.gcc-plugins               |  10 +
 scripts/gcc-plugins/Kconfig                |  51 ++++
 scripts/gcc-plugins/stackleak_plugin.c     | 427 +++++++++++++++++++++++++++++
 24 files changed, 840 insertions(+), 28 deletions(-)
 create mode 100644 drivers/misc/lkdtm/stackleak.c
 create mode 100644 include/linux/stackleak.h
 create mode 100644 kernel/stackleak.c
 create mode 100644 scripts/gcc-plugins/stackleak_plugin.c
Merging init_task/init_task (e1e871aff3de Expand INIT_STRUCT_PID and remove)
$ git merge init_task/init_task
Already up to date.
Merging cisco/for-next (ce397d215ccd Linux 4.18-rc1)
$ git merge cisco/for-next
Already up to date.
Merging fsi/master (15e2a7218c27 fsi: sbefifo: Bump max command length)
$ git merge fsi/master
Already up to date.
Merging siox/siox/next (1e4b044d2251 Linux 4.18-rc4)
$ git merge siox/siox/next
Already up to date.
Merging akpm-current/current (68565082aedf mm/page_alloc.c: clean up check_for_memory())
$ git merge --no-ff akpm-current/current
Auto-merging mm/memory.c
Auto-merging lib/Kconfig.debug
Auto-merging kernel/fork.c
Auto-merging include/linux/sched.h
CONFLICT (content): Merge conflict in include/linux/sched.h
Auto-merging fs/bfs/inode.c
Auto-merging arch/arm/Kconfig
Resolved 'include/linux/sched.h' using previous resolution.
Automatic merge failed; fix conflicts and then commit the result.
$ git commit -v -a
[master c4f2c56fee82] Merge branch 'akpm-current/current'
$ git diff -M --stat --summary HEAD^..
 Documentation/ABI/testing/sysfs-class-bdi |   8 ++
 arch/arm/Kconfig                          |   4 +
 arch/arm/include/asm/page.h               |   2 +
 arch/arm64/Kconfig                        |   4 +
 arch/ia64/include/asm/pgtable.h           |   1 -
 block/genhd.c                             |   2 +-
 fs/bfs/inode.c                            |   9 +-
 fs/buffer.c                               |  50 +++++++++-
 fs/ocfs2/buffer_head_io.c                 |  77 +++++++++++----
 fs/ocfs2/dir.c                            |   3 +-
 fs/ocfs2/dlmglue.c                        |  28 ++----
 fs/ocfs2/file.c                           |   4 +-
 fs/ocfs2/journal.c                        |  51 ++++++----
 fs/ocfs2/stackglue.c                      |   6 --
 fs/ocfs2/stackglue.h                      |   3 -
 include/linux/hugetlb.h                   |  14 +++
 include/linux/memblock.h                  |   2 +
 include/linux/mmzone.h                    |  16 +++
 include/linux/sched.h                     |   7 ++
 include/linux/swap.h                      |  13 ++-
 kernel/fork.c                             |   3 +-
 lib/Kconfig.debug                         |   6 ++
 mm/Kconfig                                |   3 +
 mm/backing-dev.c                          |  35 +++++++
 mm/filemap.c                              |   2 +-
 mm/hugetlb.c                              |  93 +++++++++++++++---
 mm/list_lru.c                             |   7 ++
 mm/memblock.c                             |  81 ++++++++++++++++
 mm/memcontrol.c                           |   2 -
 mm/memory.c                               |   4 +-
 mm/mincore.c                              |  12 ++-
 mm/oom_kill.c                             |  14 ++-
 mm/page_alloc.c                           | 130 ++++++++++++-------------
 mm/page_owner.c                           |   4 +-
 mm/rmap.c                                 |  42 +++++++-
 mm/swap_state.c                           |  16 ++-
 mm/swapfile.c                             | 156 ++++++++++++++++++++++++------
 mm/z3fold.c                               |   8 +-
 38 files changed, 716 insertions(+), 206 deletions(-)
$ git clone -s -l -n -q . ../rebase-tmp
$ cd ../rebase-tmp
$ git checkout -b akpm remotes/origin/akpm/master
Switched to a new branch 'akpm'
$ git rebase --onto master remotes/origin/akpm/master-base
First, rewinding head to replay your work on top of it...
Applying: vfs: replace current_kernel_time64 with ktime equivalent
Applying: drivers/media/platform/sti/delta/delta-ipc.c: fix read buffer overflow
$ cd ../next
$ git fetch -f ../rebase-tmp akpm:akpm/master
From ../rebase-tmp
 + cfb1ea7e8703...9d8d5c8fe1f8 akpm       -> akpm/master  (forced update)
$ rm -rf ../rebase-tmp
Merging akpm/master (9d8d5c8fe1f8 drivers/media/platform/sti/delta/delta-ipc.c: fix read buffer overflow)
$ git merge --no-ff akpm/master
Merge made by the 'recursive' strategy.
 drivers/media/platform/sti/delta/delta-ipc.c | 4 ++--
 fs/inode.c                                   | 4 +++-
 2 files changed, 5 insertions(+), 3 deletions(-)
